Archive member included to satisfy reference by file (symbol)

/home/vacbo/intelFPGA_lite/23.1std/nios2eds/bin/gnu/H-x86_64-pc-linux-gnu/bin/../lib/gcc/nios2-elf/12.3.1/../../../../../H-x86_64-pc-linux-gnu/nios2-elf/lib/mno-hw-mul/libc.a(libc_a-puts.o)
                              obj/default/hello_world.o (puts)
/home/vacbo/intelFPGA_lite/23.1std/nios2eds/bin/gnu/H-x86_64-pc-linux-gnu/bin/../lib/gcc/nios2-elf/12.3.1/../../../../../H-x86_64-pc-linux-gnu/nios2-elf/lib/mno-hw-mul/libc.a(libc_a-strlen.o)
                              /home/vacbo/intelFPGA_lite/23.1std/nios2eds/bin/gnu/H-x86_64-pc-linux-gnu/bin/../lib/gcc/nios2-elf/12.3.1/../../../../../H-x86_64-pc-linux-gnu/nios2-elf/lib/mno-hw-mul/libc.a(libc_a-puts.o) (strlen)
/home/vacbo/intelFPGA_lite/23.1std/nios2eds/bin/gnu/H-x86_64-pc-linux-gnu/bin/../lib/gcc/nios2-elf/12.3.1/../../../../../H-x86_64-pc-linux-gnu/nios2-elf/lib/mno-hw-mul/libc.a(libc_a-impure.o)
                              /home/vacbo/intelFPGA_lite/23.1std/nios2eds/bin/gnu/H-x86_64-pc-linux-gnu/bin/../lib/gcc/nios2-elf/12.3.1/../../../../../H-x86_64-pc-linux-gnu/nios2-elf/lib/mno-hw-mul/libc.a(libc_a-puts.o) (_impure_ptr)
/home/vacbo/intelFPGA_lite/23.1std/nios2eds/bin/gnu/H-x86_64-pc-linux-gnu/bin/../lib/gcc/nios2-elf/12.3.1/../../../../../H-x86_64-pc-linux-gnu/nios2-elf/lib/mno-hw-mul/libc.a(libc_a-findfp.o)
                              /home/vacbo/intelFPGA_lite/23.1std/nios2eds/bin/gnu/H-x86_64-pc-linux-gnu/bin/../lib/gcc/nios2-elf/12.3.1/../../../../../H-x86_64-pc-linux-gnu/nios2-elf/lib/mno-hw-mul/libc.a(libc_a-impure.o) (__sf)
/home/vacbo/intelFPGA_lite/23.1std/nios2eds/bin/gnu/H-x86_64-pc-linux-gnu/bin/../lib/gcc/nios2-elf/12.3.1/../../../../../H-x86_64-pc-linux-gnu/nios2-elf/lib/mno-hw-mul/libc.a(libc_a-fvwrite.o)
                              /home/vacbo/intelFPGA_lite/23.1std/nios2eds/bin/gnu/H-x86_64-pc-linux-gnu/bin/../lib/gcc/nios2-elf/12.3.1/../../../../../H-x86_64-pc-linux-gnu/nios2-elf/lib/mno-hw-mul/libc.a(libc_a-puts.o) (__sfvwrite_r)
/home/vacbo/intelFPGA_lite/23.1std/nios2eds/bin/gnu/H-x86_64-pc-linux-gnu/bin/../lib/gcc/nios2-elf/12.3.1/../../../../../H-x86_64-pc-linux-gnu/nios2-elf/lib/mno-hw-mul/libc.a(libc_a-fwalk.o)
                              /home/vacbo/intelFPGA_lite/23.1std/nios2eds/bin/gnu/H-x86_64-pc-linux-gnu/bin/../lib/gcc/nios2-elf/12.3.1/../../../../../H-x86_64-pc-linux-gnu/nios2-elf/lib/mno-hw-mul/libc.a(libc_a-findfp.o) (_fwalk_sglue)
/home/vacbo/intelFPGA_lite/23.1std/nios2eds/bin/gnu/H-x86_64-pc-linux-gnu/bin/../lib/gcc/nios2-elf/12.3.1/../../../../../H-x86_64-pc-linux-gnu/nios2-elf/lib/mno-hw-mul/libc.a(libc_a-stdio.o)
                              /home/vacbo/intelFPGA_lite/23.1std/nios2eds/bin/gnu/H-x86_64-pc-linux-gnu/bin/../lib/gcc/nios2-elf/12.3.1/../../../../../H-x86_64-pc-linux-gnu/nios2-elf/lib/mno-hw-mul/libc.a(libc_a-findfp.o) (__sread)
/home/vacbo/intelFPGA_lite/23.1std/nios2eds/bin/gnu/H-x86_64-pc-linux-gnu/bin/../lib/gcc/nios2-elf/12.3.1/../../../../../H-x86_64-pc-linux-gnu/nios2-elf/lib/mno-hw-mul/libc.a(libc_a-wsetup.o)
                              /home/vacbo/intelFPGA_lite/23.1std/nios2eds/bin/gnu/H-x86_64-pc-linux-gnu/bin/../lib/gcc/nios2-elf/12.3.1/../../../../../H-x86_64-pc-linux-gnu/nios2-elf/lib/mno-hw-mul/libc.a(libc_a-fvwrite.o) (__swsetup_r)
/home/vacbo/intelFPGA_lite/23.1std/nios2eds/bin/gnu/H-x86_64-pc-linux-gnu/bin/../lib/gcc/nios2-elf/12.3.1/../../../../../H-x86_64-pc-linux-gnu/nios2-elf/lib/mno-hw-mul/libc.a(libc_a-memchr.o)
                              /home/vacbo/intelFPGA_lite/23.1std/nios2eds/bin/gnu/H-x86_64-pc-linux-gnu/bin/../lib/gcc/nios2-elf/12.3.1/../../../../../H-x86_64-pc-linux-gnu/nios2-elf/lib/mno-hw-mul/libc.a(libc_a-fvwrite.o) (memchr)
/home/vacbo/intelFPGA_lite/23.1std/nios2eds/bin/gnu/H-x86_64-pc-linux-gnu/bin/../lib/gcc/nios2-elf/12.3.1/../../../../../H-x86_64-pc-linux-gnu/nios2-elf/lib/mno-hw-mul/libc.a(libc_a-memcpy.o)
                              /home/vacbo/intelFPGA_lite/23.1std/nios2eds/bin/gnu/H-x86_64-pc-linux-gnu/bin/../lib/gcc/nios2-elf/12.3.1/../../../../../H-x86_64-pc-linux-gnu/nios2-elf/lib/mno-hw-mul/libc.a(libc_a-fvwrite.o) (memcpy)
/home/vacbo/intelFPGA_lite/23.1std/nios2eds/bin/gnu/H-x86_64-pc-linux-gnu/bin/../lib/gcc/nios2-elf/12.3.1/../../../../../H-x86_64-pc-linux-gnu/nios2-elf/lib/mno-hw-mul/libc.a(libc_a-memmove.o)
                              /home/vacbo/intelFPGA_lite/23.1std/nios2eds/bin/gnu/H-x86_64-pc-linux-gnu/bin/../lib/gcc/nios2-elf/12.3.1/../../../../../H-x86_64-pc-linux-gnu/nios2-elf/lib/mno-hw-mul/libc.a(libc_a-fvwrite.o) (memmove)
/home/vacbo/intelFPGA_lite/23.1std/nios2eds/bin/gnu/H-x86_64-pc-linux-gnu/bin/../lib/gcc/nios2-elf/12.3.1/../../../../../H-x86_64-pc-linux-gnu/nios2-elf/lib/mno-hw-mul/libc.a(libc_a-memset.o)
                              /home/vacbo/intelFPGA_lite/23.1std/nios2eds/bin/gnu/H-x86_64-pc-linux-gnu/bin/../lib/gcc/nios2-elf/12.3.1/../../../../../H-x86_64-pc-linux-gnu/nios2-elf/lib/mno-hw-mul/libc.a(libc_a-findfp.o) (memset)
[...]
Memory Configuration

Name             Origin             Length             Attributes
reset            0x00000000         0x00000020
onchip_memory2_0 0x00000020         0x0000ffe0
onchip_memory_0  0x00010000         0x00008000
*default*        0x00000000         0xffffffff

Linker script and memory map

LOAD ../niosLab2_bsp//obj/HAL/src/crt0.o
LOAD obj/default/hello_world.o
LOAD /home/vacbo/intelFPGA_lite/23.1std/nios2eds/bin/gnu/H-x86_64-pc-linux-gnu/bin/../lib/gcc/nios2-elf/12.3.1/../../../../../H-x86_64-pc-linux-gnu/nios2-elf/lib/mno-hw-mul/libstdc++.a
LOAD /home/vacbo/intelFPGA_lite/23.1std/nios2eds/bin/gnu/H-x86_64-pc-linux-gnu/bin/../lib/gcc/nios2-elf/12.3.1/../../../../../H-x86_64-pc-linux-gnu/nios2-elf/lib/mno-hw-mul/libm.a
LOAD /home/vacbo/intelFPGA_lite/23.1std/nios2eds/bin/gnu/H-x86_64-pc-linux-gnu/bin/../lib/gcc/nios2-elf/12.3.1/mno-hw-mul/libgcc.a
START GROUP
LOAD /home/vacbo/intelFPGA_lite/23.1std/nios2eds/bin/gnu/H-x86_64-pc-linux-gnu/bin/../lib/gcc/nios2-elf/12.3.1/../../../../../H-x86_64-pc-linux-gnu/nios2-elf/lib/mno-hw-mul/libc.a
LOAD /home/vacbo/intelFPGA_lite/23.1std/nios2eds/bin/gnu/H-x86_64-pc-linux-gnu/bin/../lib/gcc/nios2-elf/12.3.1/mno-hw-mul/libgcc.a
LOAD ../niosLab2_bsp//libhal_bsp.a
LOAD /home/vacbo/intelFPGA_lite/23.1std/nios2eds/bin/gnu/H-x86_64-pc-linux-gnu/bin/../lib/gcc/nios2-elf/12.3.1/../../../../../H-x86_64-pc-linux-gnu/nios2-elf/lib/mno-hw-mul/libm.a
END GROUP
LOAD /home/vacbo/intelFPGA_lite/23.1std/nios2eds/bin/gnu/H-x86_64-pc-linux-gnu/bin/../lib/gcc/nios2-elf/12.3.1/mno-hw-mul/libgcc.a
                0x00000000                        __alt_mem_onchip_memory2_0 = 0x0
                0x00010000                        __alt_mem_onchip_memory_0 = 0x10000

.entry          0x00000000       0x20
 *(.entry)
 .entry         0x00000000       0x20 ../niosLab2_bsp//obj/HAL/src/crt0.o
                0x00000000                __reset

.exceptions     0x00000020      0x204
                0x00000020                        PROVIDE (__ram_exceptions_start = ABSOLUTE (.))
                0x00000020                        . = ALIGN (0x20)
 *(.irq)
 *(.exceptions.entry.label)
 .exceptions.entry.label
                0x00000020        0x0 ../niosLab2_bsp//libhal_bsp.a(alt_irq_entry.o)
                0x00000020                alt_irq_entry
 .exceptions.entry.label
                0x00000020        0x0 ../niosLab2_bsp//libhal_bsp.a(alt_exception_entry.o)
                0x00000020                alt_exception
 *(.exceptions.entry.user)
 *(.exceptions.entry.ecc_fatal)
 *(.exceptions.entry)
 .exceptions.entry
                0x00000020       0x54 ../niosLab2_bsp//libhal_bsp.a(alt_exception_entry.o)
 *(.exceptions.irqtest.user)
 *(.exceptions.irqtest)
 .exceptions.irqtest
                0x00000074       0x10 ../niosLab2_bsp//libhal_bsp.a(alt_irq_entry.o)
 *(.exceptions.irqhandler.user)
 *(.exceptions.irqhandler)
 .exceptions.irqhandler
                0x00000084        0x4 ../niosLab2_bsp//libhal_bsp.a(alt_irq_entry.o)
 *(.exceptions.irqreturn.user)
 *(.exceptions.irqreturn)
 .exceptions.irqreturn
                0x00000088        0x4 ../niosLab2_bsp//libhal_bsp.a(alt_irq_entry.o)
 *(.exceptions.notirq.label)
 .exceptions.notirq.label
                0x0000008c        0x0 ../niosLab2_bsp//libhal_bsp.a(alt_irq_entry.o)
 *(.exceptions.notirq.user)
 *(.exceptions.notirq)
 .exceptions.notirq
                0x0000008c        0x8 ../niosLab2_bsp//libhal_bsp.a(alt_exception_entry.o)
 *(.exceptions.soft.user)
 *(.exceptions.soft)
 *(.exceptions.unknown.user)
 *(.exceptions.unknown)
 .exceptions.unknown
                0x00000094       0x14 ../niosLab2_bsp//libhal_bsp.a(alt_exception_entry.o)
 *(.exceptions.exit.label)
 .exceptions.exit.label
                0x000000a8        0x0 ../niosLab2_bsp//libhal_bsp.a(alt_irq_entry.o)
 .exceptions.exit.label
                0x000000a8        0x0 ../niosLab2_bsp//libhal_bsp.a(alt_exception_entry.o)
 *(.exceptions.exit.user)
 *(.exceptions.exit)
 .exceptions.exit
                0x000000a8       0x54 ../niosLab2_bsp//libhal_bsp.a(alt_exception_entry.o)
 *(.exceptions)
 .exceptions    0x000000fc       0xc8 ../niosLab2_bsp//libhal_bsp.a(alt_irq_handler.o)
                0x000000fc                alt_irq_handler
 .exceptions    0x000001c4       0x60 ../niosLab2_bsp//libhal_bsp.a(alt_instruction_exception_entry.o)
                0x000001c4                alt_instruction_exception_entry
                0x00000224                        PROVIDE (__ram_exceptions_end = ABSOLUTE (.))
                0x00000020                        PROVIDE (__flash_exceptions_start = LOADADDR (.exceptions))

.text           0x00000224     0x5678
                [!provide]                        PROVIDE (stext = ABSOLUTE (.))
 *(.interp)
 *(.hash)
 *(.dynsym)
 *(.dynstr)
 *(.gnu.version)
 *(.gnu.version_d)
 *(.gnu.version_r)
 *(.rel.init)
 *(.rela.init)
 *(.rel.text .rel.text.* .rel.gnu.linkonce.t.*)
 *(.rela.text .rela.text.* .rela.gnu.linkonce.t.*)
 *(.rel.fini)
 *(.rela.fini)
 *(.rel.rodata .rel.rodata.* .rel.gnu.linkonce.r.*)
 *(.rela.rodata .rela.rodata.* .rela.gnu.linkonce.r.*)
 *(.rel.data .rel.data.* .rel.gnu.linkonce.d.*)
 *(.rela.data .rela.data.* .rela.gnu.linkonce.d.*)
 *(.rel.tdata .rel.tdata.* .rel.gnu.linkonce.td.*)
 *(.rela.tdata .rela.tdata.* .rela.gnu.linkonce.td.*)
 *(.rel.tbss .rel.tbss.* .rel.gnu.linkonce.tb.*)
 *(.rela.tbss .rela.tbss.* .rela.gnu.linkonce.tb.*)
 *(.rel.ctors)
 *(.rela.ctors)
 *(.rel.dtors)
 *(.rela.dtors)
 *(.rel.got)
 *(.rela.got)
 *(.rel.sdata .rel.sdata.* .rel.gnu.linkonce.s.*)
 *(.rela.sdata .rela.sdata.* .rela.gnu.linkonce.s.*)
 *(.rel.sbss .rel.sbss.* .rel.gnu.linkonce.sb.*)
 *(.rela.sbss .rela.sbss.* .rela.gnu.linkonce.sb.*)
 *(.rel.sdata2 .rel.sdata2.* .rel.gnu.linkonce.s2.*)
 *(.rela.sdata2 .rela.sdata2.* .rela.gnu.linkonce.s2.*)
 *(.rel.sbss2 .rel.sbss2.* .rel.gnu.linkonce.sb2.*)
 *(.rela.sbss2 .rela.sbss2.* .rela.gnu.linkonce.sb2.*)
 *(.rel.bss .rel.bss.* .rel.gnu.linkonce.b.*)
 *(.rela.bss .rela.bss.* .rela.gnu.linkonce.b.*)
 *(.rel.plt)
 *(.rela.plt)
 *(.rel.dyn)
 *(.init)
 *(.plt)
 *(.text .stub .text.* .gnu.linkonce.t.*)
 .text          0x00000224       0x3c ../niosLab2_bsp//obj/HAL/src/crt0.o
                0x00000224                _start
 .text          0x00000260       0x5c obj/default/hello_world.o
                0x00000260                main
 .text          0x000002bc        0x0 /home/vacbo/intelFPGA_lite/23.1std/nios2eds/bin/gnu/H-x86_64-pc-linux-gnu/bin/../lib/gcc/nios2-elf/12.3.1/../../../../../H-x86_64-pc-linux-gnu/nios2-elf/lib/mno-hw-mul/libc.a(libc_a-puts.o)
 .text._puts_r  0x000002bc       0xd0 /home/vacbo/intelFPGA_lite/23.1std/nios2eds/bin/gnu/H-x86_64-pc-linux-gnu/bin/../lib/gcc/nios2-elf/12.3.1/../../../../../H-x86_64-pc-linux-gnu/nios2-elf/lib/mno-hw-mul/libc.a(libc_a-puts.o)
                0x000002bc                _puts_r
 .text.puts     0x0000038c       0x10 /home/vacbo/intelFPGA_lite/23.1std/nios2eds/bin/gnu/H-x86_64-pc-linux-gnu/bin/../lib/gcc/nios2-elf/12.3.1/../../../../../H-x86_64-pc-linux-gnu/nios2-elf/lib/mno-hw-mul/libc.a(libc_a-puts.o)
                0x0000038c                puts
 .text          0x0000039c        0x0 /home/vacbo/intelFPGA_lite/23.1std/nios2eds/bin/gnu/H-x86_64-pc-linux-gnu/bin/../lib/gcc/nios2-elf/12.3.1/../../../../../H-x86_64-pc-linux-gnu/nios2-elf/lib/mno-hw-mul/libc.a(libc_a-strlen.o)
 .text.strlen   0x0000039c       0x98 /home/vacbo/intelFPGA_lite/23.1std/nios2eds/bin/gnu/H-x86_64-pc-linux-gnu/bin/../lib/gcc/nios2-elf/12.3.1/../../../../../H-x86_64-pc-linux-gnu/nios2-elf/lib/mno-hw-mul/libc.a(libc_a-strlen.o)
                0x0000039c                strlen
 .text          0x00000434        0x0 /home/vacbo/intelFPGA_lite/23.1std/nios2eds/bin/gnu/H-x86_64-pc-linux-gnu/bin/../lib/gcc/nios2-elf/12.3.1/../../../../../H-x86_64-pc-linux-gnu/nios2-elf/lib/mno-hw-mul/libc.a(libc_a-impure.o)
 .text          0x00000434        0x0 /home/vacbo/intelFPGA_lite/23.1std/nios2eds/bin/gnu/H-x86_64-pc-linux-gnu/bin/../lib/gcc/nios2-elf/12.3.1/../../../../../H-x86_64-pc-linux-gnu/nios2-elf/lib/mno-hw-mul/libc.a(libc_a-findfp.o)
 .text.__fp_lock
                0x00000434        0x8 /home/vacbo/intelFPGA_lite/23.1std/nios2eds/bin/gnu/H-x86_64-pc-linux-gnu/bin/../lib/gcc/nios2-elf/12.3.1/../../../../../H-x86_64-pc-linux-gnu/nios2-elf/lib/mno-hw-mul/libc.a(libc_a-findfp.o)
 .text.stdio_exit_handler
                0x0000043c       0x1c /home/vacbo/intelFPGA_lite/23.1std/nios2eds/bin/gnu/H-x86_64-pc-linux-gnu/bin/../lib/gcc/nios2-elf/12.3.1/../../../../../H-x86_64-pc-linux-gnu/nios2-elf/lib/mno-hw-mul/libc.a(libc_a-findfp.o)
 .text.cleanup_stdio
                0x00000458       0x70 /home/vacbo/intelFPGA_lite/23.1std/nios2eds/bin/gnu/H-x86_64-pc-linux-gnu/bin/../lib/gcc/nios2-elf/12.3.1/../../../../../H-x86_64-pc-linux-gnu/nios2-elf/lib/mno-hw-mul/libc.a(libc_a-findfp.o)
 .text.__fp_unlock
                0x000004c8        0x8 /home/vacbo/intelFPGA_lite/23.1std/nios2eds/bin/gnu/H-x86_64-pc-linux-gnu/bin/../lib/gcc/nios2-elf/12.3.1/../../../../../H-x86_64-pc-linux-gnu/nios2-elf/lib/mno-hw-mul/libc.a(libc_a-findfp.o)
 .text.global_stdio_init.part.0
                0x000004d0      0x174 /home/vacbo/intelFPGA_lite/23.1std/nios2eds/bin/gnu/H-x86_64-pc-linux-gnu/bin/../lib/gcc/nios2-elf/12.3.1/../../../../../H-x86_64-pc-linux-gnu/nios2-elf/lib/mno-hw-mul/libc.a(libc_a-findfp.o)
 .text.__sfp    0x00000644      0x120 /home/vacbo/intelFPGA_lite/23.1std/nios2eds/bin/gnu/H-x86_64-pc-linux-gnu/bin/../lib/gcc/nios2-elf/12.3.1/../../../../../H-x86_64-pc-linux-gnu/nios2-elf/lib/mno-hw-mul/libc.a(libc_a-findfp.o)
                0x00000644                __sfp
 .text.__sinit  0x00000764       0x28 /home/vacbo/intelFPGA_lite/23.1std/nios2eds/bin/gnu/H-x86_64-pc-linux-gnu/bin/../lib/gcc/nios2-elf/12.3.1/../../../../../H-x86_64-pc-linux-gnu/nios2-elf/lib/mno-hw-mul/libc.a(libc_a-findfp.o)
                0x00000764                __sinit
 .text.__sfp_lock_acquire
                0x0000078c        0x4 /home/vacbo/intelFPGA_lite/23.1std/nios2eds/bin/gnu/H-x86_64-pc-linux-gnu/bin/../lib/gcc/nios2-elf/12.3.1/../../../../../H-x86_64-pc-linux-gnu/nios2-elf/lib/mno-hw-mul/libc.a(libc_a-findfp.o)
                0x0000078c                __sfp_lock_acquire
 .text.__sfp_lock_release
                0x00000790        0x4 /home/vacbo/intelFPGA_lite/23.1std/nios2eds/bin/gnu/H-x86_64-pc-linux-gnu/bin/../lib/gcc/nios2-elf/12.3.1/../../../../../H-x86_64-pc-linux-gnu/nios2-elf/lib/mno-hw-mul/libc.a(libc_a-findfp.o)
                0x00000790                __sfp_lock_release
 .text.__fp_lock_all
                0x00000794       0x18 /home/vacbo/intelFPGA_lite/23.1std/nios2eds/bin/gnu/H-x86_64-pc-linux-gnu/bin/../lib/gcc/nios2-elf/12.3.1/../../../../../H-x86_64-pc-linux-gnu/nios2-elf/lib/mno-hw-mul/libc.a(libc_a-findfp.o)
                0x00000794                __fp_lock_all
 .text.__fp_unlock_all
                0x000007ac       0x18 /home/vacbo/intelFPGA_lite/23.1std/nios2eds/bin/gnu/H-x86_64-pc-linux-gnu/bin/../lib/gcc/nios2-elf/12.3.1/../../../../../H-x86_64-pc-linux-gnu/nios2-elf/lib/mno-hw-mul/libc.a(libc_a-findfp.o)
                0x000007ac                __fp_unlock_all
 .text          0x000007c4        0x0 /home/vacbo/intelFPGA_lite/23.1std/nios2eds/bin/gnu/H-x86_64-pc-linux-gnu/bin/../lib/gcc/nios2-elf/12.3.1/../../../../../H-x86_64-pc-linux-gnu/nios2-elf/lib/mno-hw-mul/libc.a(libc_a-fvwrite.o)
 .text.__sfvwrite_r
                0x000007c4      0x4a0 /home/vacbo/intelFPGA_lite/23.1std/nios2eds/bin/gnu/H-x86_64-pc-linux-gnu/bin/../lib/gcc/nios2-elf/12.3.1/../../../../../H-x86_64-pc-linux-gnu/nios2-elf/lib/mno-hw-mul/libc.a(libc_a-fvwrite.o)
                0x000007c4                __sfvwrite_r
 .text          0x00000c64        0x0 /home/vacbo/intelFPGA_lite/23.1std/nios2eds/bin/gnu/H-x86_64-pc-linux-gnu/bin/../lib/gcc/nios2-elf/12.3.1/../../../../../H-x86_64-pc-linux-gnu/nios2-elf/lib/mno-hw-mul/libc.a(libc_a-fwalk.o)
 .text._fwalk_sglue
                0x00000c64       0xa8 /home/vacbo/intelFPGA_lite/23.1std/nios2eds/bin/gnu/H-x86_64-pc-linux-gnu/bin/../lib/gcc/nios2-elf/12.3.1/../../../../../H-x86_64-pc-linux-gnu/nios2-elf/lib/mno-hw-mul/libc.a(libc_a-fwalk.o)
                0x00000c64                _fwalk_sglue
 .text          0x00000d0c        0x0 /home/vacbo/intelFPGA_lite/23.1std/nios2eds/bin/gnu/H-x86_64-pc-linux-gnu/bin/../lib/gcc/nios2-elf/12.3.1/../../../../../H-x86_64-pc-linux-gnu/nios2-elf/lib/mno-hw-mul/libc.a(libc_a-stdio.o)
 .text.__sread  0x00000d0c       0x54 /home/vacbo/intelFPGA_lite/23.1std/nios2eds/bin/gnu/H-x86_64-pc-linux-gnu/bin/../lib/gcc/nios2-elf/12.3.1/../../../../../H-x86_64-pc-linux-gnu/nios2-elf/lib/mno-hw-mul/libc.a(libc_a-stdio.o)
                0x00000d0c                __sread
 .text.__seofread
                0x00000d60        0x8 /home/vacbo/intelFPGA_lite/23.1std/nios2eds/bin/gnu/H-x86_64-pc-linux-gnu/bin/../lib/gcc/nios2-elf/12.3.1/../../../../../H-x86_64-pc-linux-gnu/nios2-elf/lib/mno-hw-mul/libc.a(libc_a-stdio.o)
                0x00000d60                __seofread
 .text.__swrite
                0x00000d68       0x80 /home/vacbo/intelFPGA_lite/23.1std/nios2eds/bin/gnu/H-x86_64-pc-linux-gnu/bin/../lib/gcc/nios2-elf/12.3.1/../../../../../H-x86_64-pc-linux-gnu/nios2-elf/lib/mno-hw-mul/libc.a(libc_a-stdio.o)
                0x00000d68                __swrite
 .text.__sseek  0x00000de8       0x5c /home/vacbo/intelFPGA_lite/23.1std/nios2eds/bin/gnu/H-x86_64-pc-linux-gnu/bin/../lib/gcc/nios2-elf/12.3.1/../../../../../H-x86_64-pc-linux-gnu/nios2-elf/lib/mno-hw-mul/libc.a(libc_a-stdio.o)
                0x00000de8                __sseek
 .text.__sclose
                0x00000e44        0x8 /home/vacbo/intelFPGA_lite/23.1std/nios2eds/bin/gnu/H-x86_64-pc-linux-gnu/bin/../lib/gcc/nios2-elf/12.3.1/../../../../../H-x86_64-pc-linux-gnu/nios2-elf/lib/mno-hw-mul/libc.a(libc_a-stdio.o)
                0x00000e44                __sclose
 .text          0x00000e4c        0x0 /home/vacbo/intelFPGA_lite/23.1std/nios2eds/bin/gnu/H-x86_64-pc-linux-gnu/bin/../lib/gcc/nios2-elf/12.3.1/../../../../../H-x86_64-pc-linux-gnu/nios2-elf/lib/mno-hw-mul/libc.a(libc_a-wsetup.o)
 .text.__swsetup_r
                0x00000e4c      0x144 /home/vacbo/intelFPGA_lite/23.1std/nios2eds/bin/gnu/H-x86_64-pc-linux-gnu/bin/../lib/gcc/nios2-elf/12.3.1/../../../../../H-x86_64-pc-linux-gnu/nios2-elf/lib/mno-hw-mul/libc.a(libc_a-wsetup.o)
                0x00000e4c                __swsetup_r
 .text          0x00000f90        0x0 /home/vacbo/intelFPGA_lite/23.1std/nios2eds/bin/gnu/H-x86_64-pc-linux-gnu/bin/../lib/gcc/nios2-elf/12.3.1/../../../../../H-x86_64-pc-linux-gnu/nios2-elf/lib/mno-hw-mul/libc.a(libc_a-memchr.o)
 .text.memchr   0x00000f90       0xfc /home/vacbo/intelFPGA_lite/23.1std/nios2eds/bin/gnu/H-x86_64-pc-linux-gnu/bin/../lib/gcc/nios2-elf/12.3.1/../../../../../H-x86_64-pc-linux-gnu/nios2-elf/lib/mno-hw-mul/libc.a(libc_a-memchr.o)
                0x00000f90                memchr
 .text          0x0000108c        0x0 /home/vacbo/intelFPGA_lite/23.1std/nios2eds/bin/gnu/H-x86_64-pc-linux-gnu/bin/../lib/gcc/nios2-elf/12.3.1/../../../../../H-x86_64-pc-linux-gnu/nios2-elf/lib/mno-hw-mul/libc.a(libc_a-memcpy.o)
 .text.memcpy   0x0000108c      0x100 /home/vacbo/intelFPGA_lite/23.1std/nios2eds/bin/gnu/H-x86_64-pc-linux-gnu/bin/../lib/gcc/nios2-elf/12.3.1/../../../../../H-x86_64-pc-linux-gnu/nios2-elf/lib/mno-hw-mul/libc.a(libc_a-memcpy.o)
                0x0000108c                memcpy
 .text          0x0000118c        0x0 /home/vacbo/intelFPGA_lite/23.1std/nios2eds/bin/gnu/H-x86_64-pc-linux-gnu/bin/../lib/gcc/nios2-elf/12.3.1/../../../../../H-x86_64-pc-linux-gnu/nios2-elf/lib/mno-hw-mul/libc.a(libc_a-memmove.o)
 .text.memmove  0x0000118c      0x128 /home/vacbo/intelFPGA_lite/23.1std/nios2eds/bin/gnu/H-x86_64-pc-linux-gnu/bin/../lib/gcc/nios2-elf/12.3.1/../../../../../H-x86_64-pc-linux-gnu/nios2-elf/lib/mno-hw-mul/libc.a(libc_a-memmove.o)
                0x0000118c                memmove
 .text          0x000012b4        0x0 /home/vacbo/intelFPGA_lite/23.1std/nios2eds/bin/gnu/H-x86_64-pc-linux-gnu/bin/../lib/gcc/nios2-elf/12.3.1/../../../../../H-x86_64-pc-linux-gnu/nios2-elf/lib/mno-hw-mul/libc.a(libc_a-memset.o)
 .text.memset   0x000012b4      0x140 /home/vacbo/intelFPGA_lite/23.1std/nios2eds/bin/gnu/H-x86_64-pc-linux-gnu/bin/../lib/gcc/nios2-elf/12.3.1/../../../../../H-x86_64-pc-linux-gnu/nios2-elf/lib/mno-hw-mul/libc.a(libc_a-memset.o)
                0x000012b4                memset
 .text          0x000013f4        0x0 /home/vacbo/intelFPGA_lite/23.1std/nios2eds/bin/gnu/H-x86_64-pc-linux-gnu/bin/../lib/gcc/nios2-elf/12.3.1/../../../../../H-x86_64-pc-linux-gnu/nios2-elf/lib/mno-hw-mul/libc.a(libc_a-closer.o)
 .text._close_r
                0x000013f4       0x58 /home/vacbo/intelFPGA_lite/23.1std/nios2eds/bin/gnu/H-x86_64-pc-linux-gnu/bin/../lib/gcc/nios2-elf/12.3.1/../../../../../H-x86_64-pc-linux-gnu/nios2-elf/lib/mno-hw-mul/libc.a(libc_a-closer.o)
                0x000013f4                _close_r
 .text          0x0000144c        0x0 /home/vacbo/intelFPGA_lite/23.1std/nios2eds/bin/gnu/H-x86_64-pc-linux-gnu/bin/../lib/gcc/nios2-elf/12.3.1/../../../../../H-x86_64-pc-linux-gnu/nios2-elf/lib/mno-hw-mul/libc.a(libc_a-reent.o)
 .text._reclaim_reent
                0x0000144c       0xc8 /home/vacbo/intelFPGA_lite/23.1std/nios2eds/bin/gnu/H-x86_64-pc-linux-gnu/bin/../lib/gcc/nios2-elf/12.3.1/../../../../../H-x86_64-pc-linux-gnu/nios2-elf/lib/mno-hw-mul/libc.a(libc_a-reent.o)
                0x0000144c                _reclaim_reent
 .text          0x00001514        0x0 /home/vacbo/intelFPGA_lite/23.1std/nios2eds/bin/gnu/H-x86_64-pc-linux-gnu/bin/../lib/gcc/nios2-elf/12.3.1/../../../../../H-x86_64-pc-linux-gnu/nios2-elf/lib/mno-hw-mul/libc.a(libc_a-lseekr.o)
 .text._lseek_r
                0x00001514       0x64 /home/vacbo/intelFPGA_lite/23.1std/nios2eds/bin/gnu/H-x86_64-pc-linux-gnu/bin/../lib/gcc/nios2-elf/12.3.1/../../../../../H-x86_64-pc-linux-gnu/nios2-elf/lib/mno-hw-mul/libc.a(libc_a-lseekr.o)
                0x00001514                _lseek_r
 .text          0x00001578        0x0 /home/vacbo/intelFPGA_lite/23.1std/nios2eds/bin/gnu/H-x86_64-pc-linux-gnu/bin/../lib/gcc/nios2-elf/12.3.1/../../../../../H-x86_64-pc-linux-gnu/nios2-elf/lib/mno-hw-mul/libc.a(libc_a-readr.o)
 .text._read_r  0x00001578       0x64 /home/vacbo/intelFPGA_lite/23.1std/nios2eds/bin/gnu/H-x86_64-pc-linux-gnu/bin/../lib/gcc/nios2-elf/12.3.1/../../../../../H-x86_64-pc-linux-gnu/nios2-elf/lib/mno-hw-mul/libc.a(libc_a-readr.o)
                0x00001578                _read_r
 .text          0x000015dc        0x0 /home/vacbo/intelFPGA_lite/23.1std/nios2eds/bin/gnu/H-x86_64-pc-linux-gnu/bin/../lib/gcc/nios2-elf/12.3.1/../../../../../H-x86_64-pc-linux-gnu/nios2-elf/lib/mno-hw-mul/libc.a(libc_a-writer.o)
 .text._write_r
                0x000015dc       0x64 /home/vacbo/intelFPGA_lite/23.1std/nios2eds/bin/gnu/H-x86_64-pc-linux-gnu/bin/../lib/gcc/nios2-elf/12.3.1/../../../../../H-x86_64-pc-linux-gnu/nios2-elf/lib/mno-hw-mul/libc.a(libc_a-writer.o)
                0x000015dc                _write_r
 .text          0x00001640        0x0 /home/vacbo/intelFPGA_lite/23.1std/nios2eds/bin/gnu/H-x86_64-pc-linux-gnu/bin/../lib/gcc/nios2-elf/12.3.1/../../../../../H-x86_64-pc-linux-gnu/nios2-elf/lib/mno-hw-mul/libc.a(libc_a-exit.o)
 .text.exit     0x00001640       0x30 /home/vacbo/intelFPGA_lite/23.1std/nios2eds/bin/gnu/H-x86_64-pc-linux-gnu/bin/../lib/gcc/nios2-elf/12.3.1/../../../../../H-x86_64-pc-linux-gnu/nios2-elf/lib/mno-hw-mul/libc.a(libc_a-exit.o)
                0x00001640                exit
 .text          0x00001670        0x0 /home/vacbo/intelFPGA_lite/23.1std/nios2eds/bin/gnu/H-x86_64-pc-linux-gnu/bin/../lib/gcc/nios2-elf/12.3.1/../../../../../H-x86_64-pc-linux-gnu/nios2-elf/lib/mno-hw-mul/libc.a(libc_a-freer.o)
 .text._malloc_trim_r
                0x00001670      0x124 /home/vacbo/intelFPGA_lite/23.1std/nios2eds/bin/gnu/H-x86_64-pc-linux-gnu/bin/../lib/gcc/nios2-elf/12.3.1/../../../../../H-x86_64-pc-linux-gnu/nios2-elf/lib/mno-hw-mul/libc.a(libc_a-freer.o)
                0x00001670                _malloc_trim_r
 .text._free_r  0x00001794      0x308 /home/vacbo/intelFPGA_lite/23.1std/nios2eds/bin/gnu/H-x86_64-pc-linux-gnu/bin/../lib/gcc/nios2-elf/12.3.1/../../../../../H-x86_64-pc-linux-gnu/nios2-elf/lib/mno-hw-mul/libc.a(libc_a-freer.o)
                0x00001794                _free_r
 .text          0x00001a9c        0x0 /home/vacbo/intelFPGA_lite/23.1std/nios2eds/bin/gnu/H-x86_64-pc-linux-gnu/bin/../lib/gcc/nios2-elf/12.3.1/../../../../../H-x86_64-pc-linux-gnu/nios2-elf/lib/mno-hw-mul/libc.a(libc_a-mallocr.o)
 .text._malloc_r
                0x00001a9c      0x7c8 /home/vacbo/intelFPGA_lite/23.1std/nios2eds/bin/gnu/H-x86_64-pc-linux-gnu/bin/../lib/gcc/nios2-elf/12.3.1/../../../../../H-x86_64-pc-linux-gnu/nios2-elf/lib/mno-hw-mul/libc.a(libc_a-mallocr.o)
                0x00001a9c                _malloc_r
 .text          0x00002264        0x0 /home/vacbo/intelFPGA_lite/23.1std/nios2eds/bin/gnu/H-x86_64-pc-linux-gnu/bin/../lib/gcc/nios2-elf/12.3.1/../../../../../H-x86_64-pc-linux-gnu/nios2-elf/lib/mno-hw-mul/libc.a(libc_a-reallocr.o)
 .text._realloc_r
                0x00002264      0x5ec /home/vacbo/intelFPGA_lite/23.1std/nios2eds/bin/gnu/H-x86_64-pc-linux-gnu/bin/../lib/gcc/nios2-elf/12.3.1/../../../../../H-x86_64-pc-linux-gnu/nios2-elf/lib/mno-hw-mul/libc.a(libc_a-reallocr.o)
                0x00002264                _realloc_r
 .text          0x00002850        0x0 /home/vacbo/intelFPGA_lite/23.1std/nios2eds/bin/gnu/H-x86_64-pc-linux-gnu/bin/../lib/gcc/nios2-elf/12.3.1/../../../../../H-x86_64-pc-linux-gnu/nios2-elf/lib/mno-hw-mul/libc.a(libc_a-fclose.o)
 .text._fclose_r
                0x00002850       0xf0 /home/vacbo/intelFPGA_lite/23.1std/nios2eds/bin/gnu/H-x86_64-pc-linux-gnu/bin/../lib/gcc/nios2-elf/12.3.1/../../../../../H-x86_64-pc-linux-gnu/nios2-elf/lib/mno-hw-mul/libc.a(libc_a-fclose.o)
                0x00002850                _fclose_r
 .text.fclose   0x00002940       0x10 /home/vacbo/intelFPGA_lite/23.1std/nios2eds/bin/gnu/H-x86_64-pc-linux-gnu/bin/../lib/gcc/nios2-elf/12.3.1/../../../../../H-x86_64-pc-linux-gnu/nios2-elf/lib/mno-hw-mul/libc.a(libc_a-fclose.o)
                0x00002940                fclose
 .text          0x00002950        0x0 /home/vacbo/intelFPGA_lite/23.1std/nios2eds/bin/gnu/H-x86_64-pc-linux-gnu/bin/../lib/gcc/nios2-elf/12.3.1/../../../../../H-x86_64-pc-linux-gnu/nios2-elf/lib/mno-hw-mul/libc.a(libc_a-fflush.o)
 .text.__sflush_r
                0x00002950      0x208 /home/vacbo/intelFPGA_lite/23.1std/nios2eds/bin/gnu/H-x86_64-pc-linux-gnu/bin/../lib/gcc/nios2-elf/12.3.1/../../../../../H-x86_64-pc-linux-gnu/nios2-elf/lib/mno-hw-mul/libc.a(libc_a-fflush.o)
                0x00002950                __sflush_r
 .text._fflush_r
                0x00002b58       0x5c /home/vacbo/intelFPGA_lite/23.1std/nios2eds/bin/gnu/H-x86_64-pc-linux-gnu/bin/../lib/gcc/nios2-elf/12.3.1/../../../../../H-x86_64-pc-linux-gnu/nios2-elf/lib/mno-hw-mul/libc.a(libc_a-fflush.o)
                0x00002b58                _fflush_r
 .text.fflush   0x00002bb4       0x8c /home/vacbo/intelFPGA_lite/23.1std/nios2eds/bin/gnu/H-x86_64-pc-linux-gnu/bin/../lib/gcc/nios2-elf/12.3.1/../../../../../H-x86_64-pc-linux-gnu/nios2-elf/lib/mno-hw-mul/libc.a(libc_a-fflush.o)
                0x00002bb4                fflush
 .text          0x00002c40        0x0 /home/vacbo/intelFPGA_lite/23.1std/nios2eds/bin/gnu/H-x86_64-pc-linux-gnu/bin/../lib/gcc/nios2-elf/12.3.1/../../../../../H-x86_64-pc-linux-gnu/nios2-elf/lib/mno-hw-mul/libc.a(libc_a-makebuf.o)
 .text.__smakebuf_r
                0x00002c40      0x1a8 /home/vacbo/intelFPGA_lite/23.1std/nios2eds/bin/gnu/H-x86_64-pc-linux-gnu/bin/../lib/gcc/nios2-elf/12.3.1/../../../../../H-x86_64-pc-linux-gnu/nios2-elf/lib/mno-hw-mul/libc.a(libc_a-makebuf.o)
                0x00002c40                __smakebuf_r
 .text.__swhatbuf_r
                0x00002de8       0x8c /home/vacbo/intelFPGA_lite/23.1std/nios2eds/bin/gnu/H-x86_64-pc-linux-gnu/bin/../lib/gcc/nios2-elf/12.3.1/../../../../../H-x86_64-pc-linux-gnu/nios2-elf/lib/mno-hw-mul/libc.a(libc_a-makebuf.o)
                0x00002de8                __swhatbuf_r
 .text          0x00002e74        0x0 /home/vacbo/intelFPGA_lite/23.1std/nios2eds/bin/gnu/H-x86_64-pc-linux-gnu/bin/../lib/gcc/nios2-elf/12.3.1/../../../../../H-x86_64-pc-linux-gnu/nios2-elf/lib/mno-hw-mul/libc.a(libc_a-fstatr.o)
 .text._fstat_r
                0x00002e74       0x60 /home/vacbo/intelFPGA_lite/23.1std/nios2eds/bin/gnu/H-x86_64-pc-linux-gnu/bin/../lib/gcc/nios2-elf/12.3.1/../../../../../H-x86_64-pc-linux-gnu/nios2-elf/lib/mno-hw-mul/libc.a(libc_a-fstatr.o)
                0x00002e74                _fstat_r
 .text          0x00002ed4        0x0 /home/vacbo/intelFPGA_lite/23.1std/nios2eds/bin/gnu/H-x86_64-pc-linux-gnu/bin/../lib/gcc/nios2-elf/12.3.1/../../../../../H-x86_64-pc-linux-gnu/nios2-elf/lib/mno-hw-mul/libc.a(libc_a-isattyr.o)
 .text._isatty_r
                0x00002ed4       0x58 /home/vacbo/intelFPGA_lite/23.1std/nios2eds/bin/gnu/H-x86_64-pc-linux-gnu/bin/../lib/gcc/nios2-elf/12.3.1/../../../../../H-x86_64-pc-linux-gnu/nios2-elf/lib/mno-hw-mul/libc.a(libc_a-isattyr.o)
                0x00002ed4                _isatty_r
 .text          0x00002f2c        0x0 /home/vacbo/intelFPGA_lite/23.1std/nios2eds/bin/gnu/H-x86_64-pc-linux-gnu/bin/../lib/gcc/nios2-elf/12.3.1/../../../../../H-x86_64-pc-linux-gnu/nios2-elf/lib/mno-hw-mul/libc.a(libc_a-sbrkr.o)
 .text._sbrk_r  0x00002f2c       0x58 /home/vacbo/intelFPGA_lite/23.1std/nios2eds/bin/gnu/H-x86_64-pc-linux-gnu/bin/../lib/gcc/nios2-elf/12.3.1/../../../../../H-x86_64-pc-linux-gnu/nios2-elf/lib/mno-hw-mul/libc.a(libc_a-sbrkr.o)
                0x00002f2c                _sbrk_r
 .text          0x00002f84        0x0 /home/vacbo/intelFPGA_lite/23.1std/nios2eds/bin/gnu/H-x86_64-pc-linux-gnu/bin/../lib/gcc/nios2-elf/12.3.1/../../../../../H-x86_64-pc-linux-gnu/nios2-elf/lib/mno-hw-mul/libc.a(libc_a-__call_atexit.o)
 .text.__call_exitprocs
                0x00002f84      0x118 /home/vacbo/intelFPGA_lite/23.1std/nios2eds/bin/gnu/H-x86_64-pc-linux-gnu/bin/../lib/gcc/nios2-elf/12.3.1/../../../../../H-x86_64-pc-linux-gnu/nios2-elf/lib/mno-hw-mul/libc.a(libc_a-__call_atexit.o)
                0x00002f84                __call_exitprocs
 .text          0x0000309c      0x1b4 /home/vacbo/intelFPGA_lite/23.1std/nios2eds/bin/gnu/H-x86_64-pc-linux-gnu/bin/../lib/gcc/nios2-elf/12.3.1/mno-hw-mul/libgcc.a(lib2-divmod.o)
                0x0000309c                __divsi3
                0x0000311c                __modsi3
                0x00003190                __udivsi3
                0x000031f4                __umodsi3
 .text          0x00003250       0x28 /home/vacbo/intelFPGA_lite/23.1std/nios2eds/bin/gnu/H-x86_64-pc-linux-gnu/bin/../lib/gcc/nios2-elf/12.3.1/mno-hw-mul/libgcc.a(lib2-mul.o)
                0x00003250                __mulsi3
 .text          0x00003278      0x118 ../niosLab2_bsp//libhal_bsp.a(alt_close.o)
                0x000032b4                close
 .text          0x00003390       0x2c ../niosLab2_bsp//libhal_bsp.a(alt_dev.o)
 .text          0x000033bc        0x0 ../niosLab2_bsp//libhal_bsp.a(alt_errno.o)
 .text          0x000033bc       0x3c ../niosLab2_bsp//libhal_bsp.a(alt_exit.o)
                0x000033bc                _exit
 .text          0x000033f8       0xf8 ../niosLab2_bsp//libhal_bsp.a(alt_fstat.o)
                0x00003434                fstat
 .text          0x000034f0       0xec ../niosLab2_bsp//libhal_bsp.a(alt_isatty.o)
                0x0000352c                isatty
 .text          0x000035dc       0xec ../niosLab2_bsp//libhal_bsp.a(alt_load.o)
                0x00003644                alt_load
 .text          0x000036c8      0x11c ../niosLab2_bsp//libhal_bsp.a(alt_lseek.o)
                0x00003704                lseek
 .text          0x000037e4       0x7c ../niosLab2_bsp//libhal_bsp.a(alt_main.o)
                0x000037e4                alt_main
 .text          0x00003860       0x48 ../niosLab2_bsp//libhal_bsp.a(alt_malloc_lock.o)
                0x00003860                __malloc_lock
                0x00003884                __malloc_unlock
 .text          0x000038a8      0x144 ../niosLab2_bsp//libhal_bsp.a(alt_read.o)
                0x000038e4                read
 .text          0x000039ec       0x70 ../niosLab2_bsp//libhal_bsp.a(alt_release_fd.o)
                0x000039ec                alt_release_fd
 .text          0x00003a5c       0xb8 ../niosLab2_bsp//libhal_bsp.a(alt_sbrk.o)
                0x00003a5c                sbrk
 .text          0x00003b14       0x30 ../niosLab2_bsp//libhal_bsp.a(alt_usleep.o)
                0x00003b14                usleep
 .text          0x00003b44      0x140 ../niosLab2_bsp//libhal_bsp.a(alt_write.o)
                0x00003b80                write
 .text          0x00003c84       0xb8 ../niosLab2_bsp//libhal_bsp.a(alt_sys_init.o)
                0x00003cb8                alt_irq_init
                0x00003cf4                alt_sys_init
 .text          0x00003d3c      0x164 ../niosLab2_bsp//libhal_bsp.a(altera_avalon_jtag_uart_fd.o)
                0x00003d3c                altera_avalon_jtag_uart_read_fd
                0x00003d9c                altera_avalon_jtag_uart_write_fd
                0x00003dfc                altera_avalon_jtag_uart_close_fd
                0x00003e4c                altera_avalon_jtag_uart_ioctl_fd
 .text          0x00003ea0      0x3e4 ../niosLab2_bsp//libhal_bsp.a(altera_avalon_jtag_uart_init.o)
                0x00003ea0                altera_avalon_jtag_uart_init
                0x0000421c                altera_avalon_jtag_uart_close
 .text          0x00004284       0xf4 ../niosLab2_bsp//libhal_bsp.a(altera_avalon_jtag_uart_ioctl.o)
                0x00004284                altera_avalon_jtag_uart_ioctl
 .text          0x00004378      0x220 ../niosLab2_bsp//libhal_bsp.a(altera_avalon_jtag_uart_read.o)
                0x00004378                altera_avalon_jtag_uart_read
 .text          0x00004598      0x228 ../niosLab2_bsp//libhal_bsp.a(altera_avalon_jtag_uart_write.o)
                0x00004598                altera_avalon_jtag_uart_write
 .text          0x000047c0      0x160 ../niosLab2_bsp//libhal_bsp.a(alt_alarm_start.o)
                0x000047c0                alt_alarm_start
 .text          0x00004920      0x158 ../niosLab2_bsp//libhal_bsp.a(alt_busy_sleep.o)
                0x00004920                alt_busy_sleep
 .text          0x00004a78       0x20 ../niosLab2_bsp//libhal_bsp.a(alt_dcache_flush_all.o)
                0x00004a78                alt_dcache_flush_all
 .text          0x00004a98       0xe4 ../niosLab2_bsp//libhal_bsp.a(alt_dev_llist_insert.o)
                0x00004ad4                alt_dev_llist_insert
 .text          0x00004b7c       0x64 ../niosLab2_bsp//libhal_bsp.a(alt_do_ctors.o)
                0x00004b7c                _do_ctors
 .text          0x00004be0       0x64 ../niosLab2_bsp//libhal_bsp.a(alt_do_dtors.o)
                0x00004be0                _do_dtors
 .text          0x00004c44       0x20 ../niosLab2_bsp//libhal_bsp.a(alt_icache_flush_all.o)
                0x00004c44                alt_icache_flush_all
 .text          0x00004c64      0x1b0 ../niosLab2_bsp//libhal_bsp.a(alt_iic.o)
                0x00004c64                alt_ic_isr_register
                0x00004cb4                alt_ic_irq_enable
                0x00004d3c                alt_ic_irq_disable
                0x00004dc8                alt_ic_irq_enabled
 .text          0x00004e14       0xe8 ../niosLab2_bsp//libhal_bsp.a(alt_iic_isr_register.o)
                0x00004e14                alt_iic_isr_register
 .text          0x00004efc      0x150 ../niosLab2_bsp//libhal_bsp.a(alt_io_redirect.o)
                0x00004fd0                alt_io_redirect
 .text          0x0000504c        0x0 ../niosLab2_bsp//libhal_bsp.a(alt_irq_entry.o)
 .text          0x0000504c        0x0 ../niosLab2_bsp//libhal_bsp.a(alt_irq_handler.o)
 .text          0x0000504c        0x0 ../niosLab2_bsp//libhal_bsp.a(alt_irq_vars.o)
 .text          0x0000504c      0x278 ../niosLab2_bsp//libhal_bsp.a(alt_open.o)
                0x00005164                open
 .text          0x000052c4      0x1d0 ../niosLab2_bsp//libhal_bsp.a(alt_tick.o)
                0x000052c4                alt_alarm_stop
                0x00005368                alt_tick
 .text          0x00005494       0x24 ../niosLab2_bsp//libhal_bsp.a(altera_nios2_gen2_irq.o)
                0x00005494                altera_nios2_gen2_irq_init
 .text          0x000054b8        0x0 ../niosLab2_bsp//libhal_bsp.a(alt_exception_entry.o)
 .text          0x000054b8       0x90 ../niosLab2_bsp//libhal_bsp.a(alt_find_dev.o)
                0x000054b8                alt_find_dev
 .text          0x00005548      0x108 ../niosLab2_bsp//libhal_bsp.a(alt_find_file.o)
                0x00005548                alt_find_file
 .text          0x00005650       0xb8 ../niosLab2_bsp//libhal_bsp.a(alt_get_fd.o)
                0x00005650                alt_get_fd
 .text          0x00005708       0x74 ../niosLab2_bsp//libhal_bsp.a(alt_instruction_exception_entry.o)
                0x00005708                alt_exception_cause_generated_bad_addr
 .text          0x0000577c        0x0 /home/vacbo/intelFPGA_lite/23.1std/nios2eds/bin/gnu/H-x86_64-pc-linux-gnu/bin/../lib/gcc/nios2-elf/12.3.1/../../../../../H-x86_64-pc-linux-gnu/nios2-elf/lib/mno-hw-mul/libc.a(libc_a-atexit.o)
 .text.atexit   0x0000577c       0x14 /home/vacbo/intelFPGA_lite/23.1std/nios2eds/bin/gnu/H-x86_64-pc-linux-gnu/bin/../lib/gcc/nios2-elf/12.3.1/../../../../../H-x86_64-pc-linux-gnu/nios2-elf/lib/mno-hw-mul/libc.a(libc_a-atexit.o)
                0x0000577c                atexit
 .text          0x00005790        0x0 /home/vacbo/intelFPGA_lite/23.1std/nios2eds/bin/gnu/H-x86_64-pc-linux-gnu/bin/../lib/gcc/nios2-elf/12.3.1/../../../../../H-x86_64-pc-linux-gnu/nios2-elf/lib/mno-hw-mul/libc.a(libc_a-memcmp.o)
 .text.memcmp   0x00005790       0x78 /home/vacbo/intelFPGA_lite/23.1std/nios2eds/bin/gnu/H-x86_64-pc-linux-gnu/bin/../lib/gcc/nios2-elf/12.3.1/../../../../../H-x86_64-pc-linux-gnu/nios2-elf/lib/mno-hw-mul/libc.a(libc_a-memcmp.o)
                0x00005790                memcmp
 .text          0x00005808        0x0 /home/vacbo/intelFPGA_lite/23.1std/nios2eds/bin/gnu/H-x86_64-pc-linux-gnu/bin/../lib/gcc/nios2-elf/12.3.1/../../../../../H-x86_64-pc-linux-gnu/nios2-elf/lib/mno-hw-mul/libc.a(libc_a-__atexit.o)
 .text.__register_exitproc
                0x00005808       0x94 /home/vacbo/intelFPGA_lite/23.1std/nios2eds/bin/gnu/H-x86_64-pc-linux-gnu/bin/../lib/gcc/nios2-elf/12.3.1/../../../../../H-x86_64-pc-linux-gnu/nios2-elf/lib/mno-hw-mul/libc.a(libc_a-__atexit.o)
                0x00005808                __register_exitproc
 *(.gnu.warning.*)
 *(.fini)
                [!provide]                        PROVIDE (__etext = ABSOLUTE (.))
                [!provide]                        PROVIDE (_etext = ABSOLUTE (.))
                [!provide]                        PROVIDE (etext = ABSOLUTE (.))
 *(.eh_frame_hdr)
                0x0000589c                        . = ALIGN (0x4)
                [!provide]                        PROVIDE (__preinit_array_start = ABSOLUTE (.))
 *(.preinit_array)
                [!provide]                        PROVIDE (__preinit_array_end = ABSOLUTE (.))
                [!provide]                        PROVIDE (__init_array_start = ABSOLUTE (.))
 *(SORT_BY_INIT_PRIORITY(.init_array.*))
 *(.init_array)
                [!provide]                        PROVIDE (__init_array_end = ABSOLUTE (.))
                [!provide]                        PROVIDE (__fini_array_start = ABSOLUTE (.))
 *(.fini_array)
                [!provide]                        PROVIDE (__fini_array_end = ABSOLUTE (.))
 *(.eh_frame)
 *(.gcc_except_table .gcc_except_table.*)
 *(.dynamic)
                0x0000589c                        PROVIDE (__CTOR_LIST__ = ABSOLUTE (.))
 *(.ctors)
 *(SORT_BY_NAME(.ctors.*))
                0x0000589c                        PROVIDE (__CTOR_END__ = ABSOLUTE (.))
                0x0000589c                        PROVIDE (__DTOR_LIST__ = ABSOLUTE (.))
 *(.dtors)
 *(SORT_BY_NAME(.dtors.*))
                0x0000589c                        PROVIDE (__DTOR_END__ = ABSOLUTE (.))
 *(.jcr)
                0x0000589c                        . = ALIGN (0x4)

.rodata         0x00010000       0x48 load address 0x0000589c
                0x00010000                        PROVIDE (__ram_rodata_start = ABSOLUTE (.))
                0x00010000                        . = ALIGN (0x4)
 *(.rodata .rodata.* .gnu.linkonce.r.*)
 .rodata        0x00010000        0xe obj/default/hello_world.o
 *fill*         0x0001000e        0x2 
 .rodata._puts_r.str1.4
                0x00010010        0x2 /home/vacbo/intelFPGA_lite/23.1std/nios2eds/bin/gnu/H-x86_64-pc-linux-gnu/bin/../lib/gcc/nios2-elf/12.3.1/../../../../../H-x86_64-pc-linux-gnu/nios2-elf/lib/mno-hw-mul/libc.a(libc_a-puts.o)
 *fill*         0x00010012        0x2 
 .rodata        0x00010014        0xa ../niosLab2_bsp//libhal_bsp.a(alt_dev.o)
 *fill*         0x0001001e        0x2 
 .rodata        0x00010020       0x11 ../niosLab2_bsp//libhal_bsp.a(alt_main.o)
 *fill*         0x00010031        0x3 
 .rodata        0x00010034       0x11 ../niosLab2_bsp//libhal_bsp.a(alt_sys_init.o)
 *(.rodata1)
                0x00010048                        . = ALIGN (0x4)
 *fill*         0x00010045        0x3 
                0x00010048                        PROVIDE (__ram_rodata_end = ABSOLUTE (.))
                0x0000589c                        PROVIDE (__flash_rodata_start = LOADADDR (.rodata))

.rwdata         0x00010048     0x176c load address 0x000058e4
                0x00010048                        PROVIDE (__ram_rwdata_start = ABSOLUTE (.))
                0x00010048                        . = ALIGN (0x4)
 *(.got.plt)
 *(.got)
 *(.data1)
 *(.data .data.* .gnu.linkonce.d.*)
 .data          0x00010048        0x0 ../niosLab2_bsp//obj/HAL/src/crt0.o
 .data          0x00010048        0x0 obj/default/hello_world.o
 .data          0x00010048        0x0 /home/vacbo/intelFPGA_lite/23.1std/nios2eds/bin/gnu/H-x86_64-pc-linux-gnu/bin/../lib/gcc/nios2-elf/12.3.1/../../../../../H-x86_64-pc-linux-gnu/nios2-elf/lib/mno-hw-mul/libc.a(libc_a-puts.o)
 .data          0x00010048        0x0 /home/vacbo/intelFPGA_lite/23.1std/nios2eds/bin/gnu/H-x86_64-pc-linux-gnu/bin/../lib/gcc/nios2-elf/12.3.1/../../../../../H-x86_64-pc-linux-gnu/nios2-elf/lib/mno-hw-mul/libc.a(libc_a-strlen.o)
 .data          0x00010048        0x0 /home/vacbo/intelFPGA_lite/23.1std/nios2eds/bin/gnu/H-x86_64-pc-linux-gnu/bin/../lib/gcc/nios2-elf/12.3.1/../../../../../H-x86_64-pc-linux-gnu/nios2-elf/lib/mno-hw-mul/libc.a(libc_a-impure.o)
 .data._impure_data
                0x00010048      0x11c /home/vacbo/intelFPGA_lite/23.1std/nios2eds/bin/gnu/H-x86_64-pc-linux-gnu/bin/../lib/gcc/nios2-elf/12.3.1/../../../../../H-x86_64-pc-linux-gnu/nios2-elf/lib/mno-hw-mul/libc.a(libc_a-impure.o)
                0x00010048                _impure_data
 .data          0x00010164        0x0 /home/vacbo/intelFPGA_lite/23.1std/nios2eds/bin/gnu/H-x86_64-pc-linux-gnu/bin/../lib/gcc/nios2-elf/12.3.1/../../../../../H-x86_64-pc-linux-gnu/nios2-elf/lib/mno-hw-mul/libc.a(libc_a-findfp.o)
 .data.__sglue  0x00010164        0xc /home/vacbo/intelFPGA_lite/23.1std/nios2eds/bin/gnu/H-x86_64-pc-linux-gnu/bin/../lib/gcc/nios2-elf/12.3.1/../../../../../H-x86_64-pc-linux-gnu/nios2-elf/lib/mno-hw-mul/libc.a(libc_a-findfp.o)
                0x00010164                __sglue
 .data          0x00010170        0x0 /home/vacbo/intelFPGA_lite/23.1std/nios2eds/bin/gnu/H-x86_64-pc-linux-gnu/bin/../lib/gcc/nios2-elf/12.3.1/../../../../../H-x86_64-pc-linux-gnu/nios2-elf/lib/mno-hw-mul/libc.a(libc_a-fvwrite.o)
 .data          0x00010170        0x0 /home/vacbo/intelFPGA_lite/23.1std/nios2eds/bin/gnu/H-x86_64-pc-linux-gnu/bin/../lib/gcc/nios2-elf/12.3.1/../../../../../H-x86_64-pc-linux-gnu/nios2-elf/lib/mno-hw-mul/libc.a(libc_a-fwalk.o)
 .data          0x00010170        0x0 /home/vacbo/intelFPGA_lite/23.1std/nios2eds/bin/gnu/H-x86_64-pc-linux-gnu/bin/../lib/gcc/nios2-elf/12.3.1/../../../../../H-x86_64-pc-linux-gnu/nios2-elf/lib/mno-hw-mul/libc.a(libc_a-stdio.o)
 .data          0x00010170        0x0 /home/vacbo/intelFPGA_lite/23.1std/nios2eds/bin/gnu/H-x86_64-pc-linux-gnu/bin/../lib/gcc/nios2-elf/12.3.1/../../../../../H-x86_64-pc-linux-gnu/nios2-elf/lib/mno-hw-mul/libc.a(libc_a-wsetup.o)
 .data          0x00010170        0x0 /home/vacbo/intelFPGA_lite/23.1std/nios2eds/bin/gnu/H-x86_64-pc-linux-gnu/bin/../lib/gcc/nios2-elf/12.3.1/../../../../../H-x86_64-pc-linux-gnu/nios2-elf/lib/mno-hw-mul/libc.a(libc_a-memchr.o)
 .data          0x00010170        0x0 /home/vacbo/intelFPGA_lite/23.1std/nios2eds/bin/gnu/H-x86_64-pc-linux-gnu/bin/../lib/gcc/nios2-elf/12.3.1/../../../../../H-x86_64-pc-linux-gnu/nios2-elf/lib/mno-hw-mul/libc.a(libc_a-memcpy.o)
 .data          0x00010170        0x0 /home/vacbo/intelFPGA_lite/23.1std/nios2eds/bin/gnu/H-x86_64-pc-linux-gnu/bin/../lib/gcc/nios2-elf/12.3.1/../../../../../H-x86_64-pc-linux-gnu/nios2-elf/lib/mno-hw-mul/libc.a(libc_a-memmove.o)
 .data          0x00010170        0x0 /home/vacbo/intelFPGA_lite/23.1std/nios2eds/bin/gnu/H-x86_64-pc-linux-gnu/bin/../lib/gcc/nios2-elf/12.3.1/../../../../../H-x86_64-pc-linux-gnu/nios2-elf/lib/mno-hw-mul/libc.a(libc_a-memset.o)
 .data          0x00010170        0x0 /home/vacbo/intelFPGA_lite/23.1std/nios2eds/bin/gnu/H-x86_64-pc-linux-gnu/bin/../lib/gcc/nios2-elf/12.3.1/../../../../../H-x86_64-pc-linux-gnu/nios2-elf/lib/mno-hw-mul/libc.a(libc_a-closer.o)
 .data          0x00010170        0x0 /home/vacbo/intelFPGA_lite/23.1std/nios2eds/bin/gnu/H-x86_64-pc-linux-gnu/bin/../lib/gcc/nios2-elf/12.3.1/../../../../../H-x86_64-pc-linux-gnu/nios2-elf/lib/mno-hw-mul/libc.a(libc_a-reent.o)
 .data          0x00010170        0x0 /home/vacbo/intelFPGA_lite/23.1std/nios2eds/bin/gnu/H-x86_64-pc-linux-gnu/bin/../lib/gcc/nios2-elf/12.3.1/../../../../../H-x86_64-pc-linux-gnu/nios2-elf/lib/mno-hw-mul/libc.a(libc_a-lseekr.o)
 .data          0x00010170        0x0 /home/vacbo/intelFPGA_lite/23.1std/nios2eds/bin/gnu/H-x86_64-pc-linux-gnu/bin/../lib/gcc/nios2-elf/12.3.1/../../../../../H-x86_64-pc-linux-gnu/nios2-elf/lib/mno-hw-mul/libc.a(libc_a-readr.o)
 .data          0x00010170        0x0 /home/vacbo/intelFPGA_lite/23.1std/nios2eds/bin/gnu/H-x86_64-pc-linux-gnu/bin/../lib/gcc/nios2-elf/12.3.1/../../../../../H-x86_64-pc-linux-gnu/nios2-elf/lib/mno-hw-mul/libc.a(libc_a-writer.o)
 .data          0x00010170        0x0 /home/vacbo/intelFPGA_lite/23.1std/nios2eds/bin/gnu/H-x86_64-pc-linux-gnu/bin/../lib/gcc/nios2-elf/12.3.1/../../../../../H-x86_64-pc-linux-gnu/nios2-elf/lib/mno-hw-mul/libc.a(libc_a-exit.o)
 .data          0x00010170        0x0 /home/vacbo/intelFPGA_lite/23.1std/nios2eds/bin/gnu/H-x86_64-pc-linux-gnu/bin/../lib/gcc/nios2-elf/12.3.1/../../../../../H-x86_64-pc-linux-gnu/nios2-elf/lib/mno-hw-mul/libc.a(libc_a-freer.o)
 .data          0x00010170        0x0 /home/vacbo/intelFPGA_lite/23.1std/nios2eds/bin/gnu/H-x86_64-pc-linux-gnu/bin/../lib/gcc/nios2-elf/12.3.1/../../../../../H-x86_64-pc-linux-gnu/nios2-elf/lib/mno-hw-mul/libc.a(libc_a-mallocr.o)
 .data.__malloc_av_
                0x00010170      0x408 /home/vacbo/intelFPGA_lite/23.1std/nios2eds/bin/gnu/H-x86_64-pc-linux-gnu/bin/../lib/gcc/nios2-elf/12.3.1/../../../../../H-x86_64-pc-linux-gnu/nios2-elf/lib/mno-hw-mul/libc.a(libc_a-mallocr.o)
                0x00010170                __malloc_av_
 .data          0x00010578        0x0 /home/vacbo/intelFPGA_lite/23.1std/nios2eds/bin/gnu/H-x86_64-pc-linux-gnu/bin/../lib/gcc/nios2-elf/12.3.1/../../../../../H-x86_64-pc-linux-gnu/nios2-elf/lib/mno-hw-mul/libc.a(libc_a-reallocr.o)
 .data          0x00010578        0x0 /home/vacbo/intelFPGA_lite/23.1std/nios2eds/bin/gnu/H-x86_64-pc-linux-gnu/bin/../lib/gcc/nios2-elf/12.3.1/../../../../../H-x86_64-pc-linux-gnu/nios2-elf/lib/mno-hw-mul/libc.a(libc_a-fclose.o)
 .data          0x00010578        0x0 /home/vacbo/intelFPGA_lite/23.1std/nios2eds/bin/gnu/H-x86_64-pc-linux-gnu/bin/../lib/gcc/nios2-elf/12.3.1/../../../../../H-x86_64-pc-linux-gnu/nios2-elf/lib/mno-hw-mul/libc.a(libc_a-fflush.o)
 .data          0x00010578        0x0 /home/vacbo/intelFPGA_lite/23.1std/nios2eds/bin/gnu/H-x86_64-pc-linux-gnu/bin/../lib/gcc/nios2-elf/12.3.1/../../../../../H-x86_64-pc-linux-gnu/nios2-elf/lib/mno-hw-mul/libc.a(libc_a-makebuf.o)
 .data          0x00010578        0x0 /home/vacbo/intelFPGA_lite/23.1std/nios2eds/bin/gnu/H-x86_64-pc-linux-gnu/bin/../lib/gcc/nios2-elf/12.3.1/../../../../../H-x86_64-pc-linux-gnu/nios2-elf/lib/mno-hw-mul/libc.a(libc_a-fstatr.o)
 .data          0x00010578        0x0 /home/vacbo/intelFPGA_lite/23.1std/nios2eds/bin/gnu/H-x86_64-pc-linux-gnu/bin/../lib/gcc/nios2-elf/12.3.1/../../../../../H-x86_64-pc-linux-gnu/nios2-elf/lib/mno-hw-mul/libc.a(libc_a-isattyr.o)
 .data          0x00010578        0x0 /home/vacbo/intelFPGA_lite/23.1std/nios2eds/bin/gnu/H-x86_64-pc-linux-gnu/bin/../lib/gcc/nios2-elf/12.3.1/../../../../../H-x86_64-pc-linux-gnu/nios2-elf/lib/mno-hw-mul/libc.a(libc_a-sbrkr.o)
 .data          0x00010578        0x0 /home/vacbo/intelFPGA_lite/23.1std/nios2eds/bin/gnu/H-x86_64-pc-linux-gnu/bin/../lib/gcc/nios2-elf/12.3.1/../../../../../H-x86_64-pc-linux-gnu/nios2-elf/lib/mno-hw-mul/libc.a(libc_a-__call_atexit.o)
 .data          0x00010578        0x0 /home/vacbo/intelFPGA_lite/23.1std/nios2eds/bin/gnu/H-x86_64-pc-linux-gnu/bin/../lib/gcc/nios2-elf/12.3.1/mno-hw-mul/libgcc.a(lib2-divmod.o)
 .data          0x00010578        0x0 /home/vacbo/intelFPGA_lite/23.1std/nios2eds/bin/gnu/H-x86_64-pc-linux-gnu/bin/../lib/gcc/nios2-elf/12.3.1/mno-hw-mul/libgcc.a(lib2-mul.o)
 .data          0x00010578        0x0 ../niosLab2_bsp//libhal_bsp.a(alt_close.o)
 .data          0x00010578      0x1a8 ../niosLab2_bsp//libhal_bsp.a(alt_dev.o)
                0x00010578                alt_dev_null
                0x000105a0                alt_fd_list
 .data          0x00010720        0x0 ../niosLab2_bsp//libhal_bsp.a(alt_errno.o)
 .data          0x00010720        0x0 ../niosLab2_bsp//libhal_bsp.a(alt_exit.o)
 .data          0x00010720        0x0 ../niosLab2_bsp//libhal_bsp.a(alt_fstat.o)
 .data          0x00010720        0x0 ../niosLab2_bsp//libhal_bsp.a(alt_isatty.o)
 .data          0x00010720        0x0 ../niosLab2_bsp//libhal_bsp.a(alt_load.o)
 .data          0x00010720        0x0 ../niosLab2_bsp//libhal_bsp.a(alt_lseek.o)
 .data          0x00010720        0x0 ../niosLab2_bsp//libhal_bsp.a(alt_main.o)
 .data          0x00010720        0x0 ../niosLab2_bsp//libhal_bsp.a(alt_malloc_lock.o)
 .data          0x00010720        0x0 ../niosLab2_bsp//libhal_bsp.a(alt_read.o)
 .data          0x00010720        0x0 ../niosLab2_bsp//libhal_bsp.a(alt_release_fd.o)
 .data          0x00010720        0x0 ../niosLab2_bsp//libhal_bsp.a(alt_sbrk.o)
 .data          0x00010720        0x0 ../niosLab2_bsp//libhal_bsp.a(alt_usleep.o)
 .data          0x00010720        0x0 ../niosLab2_bsp//libhal_bsp.a(alt_write.o)
 .data          0x00010720     0x1060 ../niosLab2_bsp//libhal_bsp.a(alt_sys_init.o)
 .data          0x00011780        0x0 ../niosLab2_bsp//libhal_bsp.a(altera_avalon_jtag_uart_fd.o)
 .data          0x00011780        0x0 ../niosLab2_bsp//libhal_bsp.a(altera_avalon_jtag_uart_init.o)
 .data          0x00011780        0x0 ../niosLab2_bsp//libhal_bsp.a(altera_avalon_jtag_uart_ioctl.o)
 .data          0x00011780        0x0 ../niosLab2_bsp//libhal_bsp.a(altera_avalon_jtag_uart_read.o)
 .data          0x00011780        0x0 ../niosLab2_bsp//libhal_bsp.a(altera_avalon_jtag_uart_write.o)
 .data          0x00011780        0x0 ../niosLab2_bsp//libhal_bsp.a(alt_alarm_start.o)
 .data          0x00011780        0x0 ../niosLab2_bsp//libhal_bsp.a(alt_busy_sleep.o)
 .data          0x00011780        0x0 ../niosLab2_bsp//libhal_bsp.a(alt_dcache_flush_all.o)
 .data          0x00011780        0x0 ../niosLab2_bsp//libhal_bsp.a(alt_dev_llist_insert.o)
 .data          0x00011780        0x0 ../niosLab2_bsp//libhal_bsp.a(alt_do_ctors.o)
 .data          0x00011780        0x0 ../niosLab2_bsp//libhal_bsp.a(alt_do_dtors.o)
 .data          0x00011780        0x0 ../niosLab2_bsp//libhal_bsp.a(alt_icache_flush_all.o)
 .data          0x00011780        0x0 ../niosLab2_bsp//libhal_bsp.a(alt_iic.o)
 .data          0x00011780        0x0 ../niosLab2_bsp//libhal_bsp.a(alt_iic_isr_register.o)
 .data          0x00011780        0x0 ../niosLab2_bsp//libhal_bsp.a(alt_io_redirect.o)
 .data          0x00011780        0x0 ../niosLab2_bsp//libhal_bsp.a(alt_irq_entry.o)
 .data          0x00011780        0x0 ../niosLab2_bsp//libhal_bsp.a(alt_irq_handler.o)
 .data          0x00011780        0x0 ../niosLab2_bsp//libhal_bsp.a(alt_irq_vars.o)
 .data          0x00011780        0x0 ../niosLab2_bsp//libhal_bsp.a(alt_open.o)
 .data          0x00011780        0x0 ../niosLab2_bsp//libhal_bsp.a(alt_tick.o)
 .data          0x00011780        0x0 ../niosLab2_bsp//libhal_bsp.a(altera_nios2_gen2_irq.o)
 .data          0x00011780        0x0 ../niosLab2_bsp//libhal_bsp.a(alt_exception_entry.o)
 .data          0x00011780        0x0 ../niosLab2_bsp//libhal_bsp.a(alt_find_dev.o)
 .data          0x00011780        0x0 ../niosLab2_bsp//libhal_bsp.a(alt_find_file.o)
 .data          0x00011780        0x0 ../niosLab2_bsp//libhal_bsp.a(alt_get_fd.o)
 .data          0x00011780        0x0 ../niosLab2_bsp//libhal_bsp.a(alt_instruction_exception_entry.o)
 .data          0x00011780        0x0 /home/vacbo/intelFPGA_lite/23.1std/nios2eds/bin/gnu/H-x86_64-pc-linux-gnu/bin/../lib/gcc/nios2-elf/12.3.1/../../../../../H-x86_64-pc-linux-gnu/nios2-elf/lib/mno-hw-mul/libc.a(libc_a-atexit.o)
 .data          0x00011780        0x0 /home/vacbo/intelFPGA_lite/23.1std/nios2eds/bin/gnu/H-x86_64-pc-linux-gnu/bin/../lib/gcc/nios2-elf/12.3.1/../../../../../H-x86_64-pc-linux-gnu/nios2-elf/lib/mno-hw-mul/libc.a(libc_a-memcmp.o)
 .data          0x00011780        0x0 /home/vacbo/intelFPGA_lite/23.1std/nios2eds/bin/gnu/H-x86_64-pc-linux-gnu/bin/../lib/gcc/nios2-elf/12.3.1/../../../../../H-x86_64-pc-linux-gnu/nios2-elf/lib/mno-hw-mul/libc.a(libc_a-__atexit.o)
                0x00019780                        _gp = ABSOLUTE ((. + 0x8000))
                [!provide]                        PROVIDE (gp = _gp)
 *(.rwdata .rwdata.*)
 *(.sdata .sdata.* .gnu.linkonce.s.*)
 .sdata._impure_ptr
                0x00011780        0x4 /home/vacbo/intelFPGA_lite/23.1std/nios2eds/bin/gnu/H-x86_64-pc-linux-gnu/bin/../lib/gcc/nios2-elf/12.3.1/../../../../../H-x86_64-pc-linux-gnu/nios2-elf/lib/mno-hw-mul/libc.a(libc_a-impure.o)
                0x00011780                _impure_ptr
 .sdata.__malloc_sbrk_base
                0x00011784        0x4 /home/vacbo/intelFPGA_lite/23.1std/nios2eds/bin/gnu/H-x86_64-pc-linux-gnu/bin/../lib/gcc/nios2-elf/12.3.1/../../../../../H-x86_64-pc-linux-gnu/nios2-elf/lib/mno-hw-mul/libc.a(libc_a-mallocr.o)
                0x00011784                __malloc_sbrk_base
 .sdata.__malloc_trim_threshold
                0x00011788        0x4 /home/vacbo/intelFPGA_lite/23.1std/nios2eds/bin/gnu/H-x86_64-pc-linux-gnu/bin/../lib/gcc/nios2-elf/12.3.1/../../../../../H-x86_64-pc-linux-gnu/nios2-elf/lib/mno-hw-mul/libc.a(libc_a-mallocr.o)
                0x00011788                __malloc_trim_threshold
 .sdata         0x0001178c       0x14 ../niosLab2_bsp//libhal_bsp.a(alt_dev.o)
                0x0001178c                alt_fs_list
                0x00011794                alt_dev_list
                0x0001179c                alt_max_fd
 .sdata         0x000117a0        0x4 ../niosLab2_bsp//libhal_bsp.a(alt_errno.o)
                0x000117a0                alt_errno
 .sdata         0x000117a4        0x4 ../niosLab2_bsp//libhal_bsp.a(alt_sbrk.o)
 .sdata         0x000117a8        0x4 ../niosLab2_bsp//libhal_bsp.a(alt_irq_vars.o)
                0x000117a8                alt_priority_mask
 .sdata         0x000117ac        0x8 ../niosLab2_bsp//libhal_bsp.a(alt_tick.o)
                0x000117ac                alt_alarm_list
 *(.sdata2 .sdata2.* .gnu.linkonce.s2.*)
                0x000117b4                        . = ALIGN (0x4)
                0x000117b4                        _edata = ABSOLUTE (.)
                [!provide]                        PROVIDE (edata = ABSOLUTE (.))
                0x000117b4                        PROVIDE (__ram_rwdata_end = ABSOLUTE (.))
                0x000058e4                        PROVIDE (__flash_rwdata_start = LOADADDR (.rwdata))

.bss            0x000117b4      0x428 load address 0x00007050
                0x000117b4                        __bss_start = ABSOLUTE (.)
                [!provide]                        PROVIDE (__sbss_start = ABSOLUTE (.))
                [!provide]                        PROVIDE (___sbss_start = ABSOLUTE (.))
 *(.dynsbss)
 *(.sbss .sbss.* .gnu.linkonce.sb.*)
 .sbss.errno    0x000117b4        0x4 /home/vacbo/intelFPGA_lite/23.1std/nios2eds/bin/gnu/H-x86_64-pc-linux-gnu/bin/../lib/gcc/nios2-elf/12.3.1/../../../../../H-x86_64-pc-linux-gnu/nios2-elf/lib/mno-hw-mul/libc.a(libc_a-reent.o)
                0x000117b4                errno
 .sbss.__stdio_exit_handler
                0x000117b8        0x4 /home/vacbo/intelFPGA_lite/23.1std/nios2eds/bin/gnu/H-x86_64-pc-linux-gnu/bin/../lib/gcc/nios2-elf/12.3.1/../../../../../H-x86_64-pc-linux-gnu/nios2-elf/lib/mno-hw-mul/libc.a(libc_a-exit.o)
                0x000117b8                __stdio_exit_handler
 .sbss.__malloc_max_total_mem
                0x000117bc        0x4 /home/vacbo/intelFPGA_lite/23.1std/nios2eds/bin/gnu/H-x86_64-pc-linux-gnu/bin/../lib/gcc/nios2-elf/12.3.1/../../../../../H-x86_64-pc-linux-gnu/nios2-elf/lib/mno-hw-mul/libc.a(libc_a-mallocr.o)
                0x000117bc                __malloc_max_total_mem
 .sbss.__malloc_max_sbrked_mem
                0x000117c0        0x4 /home/vacbo/intelFPGA_lite/23.1std/nios2eds/bin/gnu/H-x86_64-pc-linux-gnu/bin/../lib/gcc/nios2-elf/12.3.1/../../../../../H-x86_64-pc-linux-gnu/nios2-elf/lib/mno-hw-mul/libc.a(libc_a-mallocr.o)
                0x000117c0                __malloc_max_sbrked_mem
 .sbss.__malloc_top_pad
                0x000117c4        0x4 /home/vacbo/intelFPGA_lite/23.1std/nios2eds/bin/gnu/H-x86_64-pc-linux-gnu/bin/../lib/gcc/nios2-elf/12.3.1/../../../../../H-x86_64-pc-linux-gnu/nios2-elf/lib/mno-hw-mul/libc.a(libc_a-mallocr.o)
                0x000117c4                __malloc_top_pad
 .sbss.__atexit
                0x000117c8        0x4 /home/vacbo/intelFPGA_lite/23.1std/nios2eds/bin/gnu/H-x86_64-pc-linux-gnu/bin/../lib/gcc/nios2-elf/12.3.1/../../../../../H-x86_64-pc-linux-gnu/nios2-elf/lib/mno-hw-mul/libc.a(libc_a-__call_atexit.o)
                0x000117c8                __atexit
 .sbss          0x000117cc        0xc ../niosLab2_bsp//libhal_bsp.a(alt_main.o)
                0x000117cc                alt_argc
                0x000117d0                alt_argv
                0x000117d4                alt_envp
 .sbss          0x000117d8        0x4 ../niosLab2_bsp//libhal_bsp.a(alt_irq_vars.o)
                0x000117d8                alt_irq_active
 .sbss          0x000117dc        0xc ../niosLab2_bsp//libhal_bsp.a(alt_tick.o)
                0x000117dc                _alt_tick_rate
                0x000117e0                _alt_nticks
 .sbss          0x000117e8        0x4 ../niosLab2_bsp//libhal_bsp.a(alt_instruction_exception_entry.o)
                0x000117e8                alt_instruction_exception_handler
 *(.sbss2 .sbss2.* .gnu.linkonce.sb2.*)
 *(.scommon)
                [!provide]                        PROVIDE (__sbss_end = ABSOLUTE (.))
                [!provide]                        PROVIDE (___sbss_end = ABSOLUTE (.))
 *(.dynbss)
 *(.bss .bss.* .gnu.linkonce.b.*)
 .bss           0x000117ec        0x0 ../niosLab2_bsp//obj/HAL/src/crt0.o
 .bss           0x000117ec        0x0 obj/default/hello_world.o
 .bss           0x000117ec        0x0 /home/vacbo/intelFPGA_lite/23.1std/nios2eds/bin/gnu/H-x86_64-pc-linux-gnu/bin/../lib/gcc/nios2-elf/12.3.1/../../../../../H-x86_64-pc-linux-gnu/nios2-elf/lib/mno-hw-mul/libc.a(libc_a-puts.o)
 .bss           0x000117ec        0x0 /home/vacbo/intelFPGA_lite/23.1std/nios2eds/bin/gnu/H-x86_64-pc-linux-gnu/bin/../lib/gcc/nios2-elf/12.3.1/../../../../../H-x86_64-pc-linux-gnu/nios2-elf/lib/mno-hw-mul/libc.a(libc_a-strlen.o)
 .bss           0x000117ec        0x0 /home/vacbo/intelFPGA_lite/23.1std/nios2eds/bin/gnu/H-x86_64-pc-linux-gnu/bin/../lib/gcc/nios2-elf/12.3.1/../../../../../H-x86_64-pc-linux-gnu/nios2-elf/lib/mno-hw-mul/libc.a(libc_a-impure.o)
 .bss           0x000117ec        0x0 /home/vacbo/intelFPGA_lite/23.1std/nios2eds/bin/gnu/H-x86_64-pc-linux-gnu/bin/../lib/gcc/nios2-elf/12.3.1/../../../../../H-x86_64-pc-linux-gnu/nios2-elf/lib/mno-hw-mul/libc.a(libc_a-findfp.o)
 .bss.__sf      0x000117ec      0x138 /home/vacbo/intelFPGA_lite/23.1std/nios2eds/bin/gnu/H-x86_64-pc-linux-gnu/bin/../lib/gcc/nios2-elf/12.3.1/../../../../../H-x86_64-pc-linux-gnu/nios2-elf/lib/mno-hw-mul/libc.a(libc_a-findfp.o)
                0x000117ec                __sf
 .bss           0x00011924        0x0 /home/vacbo/intelFPGA_lite/23.1std/nios2eds/bin/gnu/H-x86_64-pc-linux-gnu/bin/../lib/gcc/nios2-elf/12.3.1/../../../../../H-x86_64-pc-linux-gnu/nios2-elf/lib/mno-hw-mul/libc.a(libc_a-fvwrite.o)
 .bss           0x00011924        0x0 /home/vacbo/intelFPGA_lite/23.1std/nios2eds/bin/gnu/H-x86_64-pc-linux-gnu/bin/../lib/gcc/nios2-elf/12.3.1/../../../../../H-x86_64-pc-linux-gnu/nios2-elf/lib/mno-hw-mul/libc.a(libc_a-fwalk.o)
 .bss           0x00011924        0x0 /home/vacbo/intelFPGA_lite/23.1std/nios2eds/bin/gnu/H-x86_64-pc-linux-gnu/bin/../lib/gcc/nios2-elf/12.3.1/../../../../../H-x86_64-pc-linux-gnu/nios2-elf/lib/mno-hw-mul/libc.a(libc_a-stdio.o)
 .bss           0x00011924        0x0 /home/vacbo/intelFPGA_lite/23.1std/nios2eds/bin/gnu/H-x86_64-pc-linux-gnu/bin/../lib/gcc/nios2-elf/12.3.1/../../../../../H-x86_64-pc-linux-gnu/nios2-elf/lib/mno-hw-mul/libc.a(libc_a-wsetup.o)
 .bss           0x00011924        0x0 /home/vacbo/intelFPGA_lite/23.1std/nios2eds/bin/gnu/H-x86_64-pc-linux-gnu/bin/../lib/gcc/nios2-elf/12.3.1/../../../../../H-x86_64-pc-linux-gnu/nios2-elf/lib/mno-hw-mul/libc.a(libc_a-memchr.o)
 .bss           0x00011924        0x0 /home/vacbo/intelFPGA_lite/23.1std/nios2eds/bin/gnu/H-x86_64-pc-linux-gnu/bin/../lib/gcc/nios2-elf/12.3.1/../../../../../H-x86_64-pc-linux-gnu/nios2-elf/lib/mno-hw-mul/libc.a(libc_a-memcpy.o)
 .bss           0x00011924        0x0 /home/vacbo/intelFPGA_lite/23.1std/nios2eds/bin/gnu/H-x86_64-pc-linux-gnu/bin/../lib/gcc/nios2-elf/12.3.1/../../../../../H-x86_64-pc-linux-gnu/nios2-elf/lib/mno-hw-mul/libc.a(libc_a-memmove.o)
 .bss           0x00011924        0x0 /home/vacbo/intelFPGA_lite/23.1std/nios2eds/bin/gnu/H-x86_64-pc-linux-gnu/bin/../lib/gcc/nios2-elf/12.3.1/../../../../../H-x86_64-pc-linux-gnu/nios2-elf/lib/mno-hw-mul/libc.a(libc_a-memset.o)
 .bss           0x00011924        0x0 /home/vacbo/intelFPGA_lite/23.1std/nios2eds/bin/gnu/H-x86_64-pc-linux-gnu/bin/../lib/gcc/nios2-elf/12.3.1/../../../../../H-x86_64-pc-linux-gnu/nios2-elf/lib/mno-hw-mul/libc.a(libc_a-closer.o)
 .bss           0x00011924        0x0 /home/vacbo/intelFPGA_lite/23.1std/nios2eds/bin/gnu/H-x86_64-pc-linux-gnu/bin/../lib/gcc/nios2-elf/12.3.1/../../../../../H-x86_64-pc-linux-gnu/nios2-elf/lib/mno-hw-mul/libc.a(libc_a-reent.o)
 .bss           0x00011924        0x0 /home/vacbo/intelFPGA_lite/23.1std/nios2eds/bin/gnu/H-x86_64-pc-linux-gnu/bin/../lib/gcc/nios2-elf/12.3.1/../../../../../H-x86_64-pc-linux-gnu/nios2-elf/lib/mno-hw-mul/libc.a(libc_a-lseekr.o)
 .bss           0x00011924        0x0 /home/vacbo/intelFPGA_lite/23.1std/nios2eds/bin/gnu/H-x86_64-pc-linux-gnu/bin/../lib/gcc/nios2-elf/12.3.1/../../../../../H-x86_64-pc-linux-gnu/nios2-elf/lib/mno-hw-mul/libc.a(libc_a-readr.o)
 .bss           0x00011924        0x0 /home/vacbo/intelFPGA_lite/23.1std/nios2eds/bin/gnu/H-x86_64-pc-linux-gnu/bin/../lib/gcc/nios2-elf/12.3.1/../../../../../H-x86_64-pc-linux-gnu/nios2-elf/lib/mno-hw-mul/libc.a(libc_a-writer.o)
 .bss           0x00011924        0x0 /home/vacbo/intelFPGA_lite/23.1std/nios2eds/bin/gnu/H-x86_64-pc-linux-gnu/bin/../lib/gcc/nios2-elf/12.3.1/../../../../../H-x86_64-pc-linux-gnu/nios2-elf/lib/mno-hw-mul/libc.a(libc_a-exit.o)
 .bss           0x00011924        0x0 /home/vacbo/intelFPGA_lite/23.1std/nios2eds/bin/gnu/H-x86_64-pc-linux-gnu/bin/../lib/gcc/nios2-elf/12.3.1/../../../../../H-x86_64-pc-linux-gnu/nios2-elf/lib/mno-hw-mul/libc.a(libc_a-freer.o)
 .bss           0x00011924        0x0 /home/vacbo/intelFPGA_lite/23.1std/nios2eds/bin/gnu/H-x86_64-pc-linux-gnu/bin/../lib/gcc/nios2-elf/12.3.1/../../../../../H-x86_64-pc-linux-gnu/nios2-elf/lib/mno-hw-mul/libc.a(libc_a-mallocr.o)
 .bss.__malloc_current_mallinfo
                0x00011924       0x28 /home/vacbo/intelFPGA_lite/23.1std/nios2eds/bin/gnu/H-x86_64-pc-linux-gnu/bin/../lib/gcc/nios2-elf/12.3.1/../../../../../H-x86_64-pc-linux-gnu/nios2-elf/lib/mno-hw-mul/libc.a(libc_a-mallocr.o)
                0x00011924                __malloc_current_mallinfo
 .bss           0x0001194c        0x0 /home/vacbo/intelFPGA_lite/23.1std/nios2eds/bin/gnu/H-x86_64-pc-linux-gnu/bin/../lib/gcc/nios2-elf/12.3.1/../../../../../H-x86_64-pc-linux-gnu/nios2-elf/lib/mno-hw-mul/libc.a(libc_a-reallocr.o)
 .bss           0x0001194c        0x0 /home/vacbo/intelFPGA_lite/23.1std/nios2eds/bin/gnu/H-x86_64-pc-linux-gnu/bin/../lib/gcc/nios2-elf/12.3.1/../../../../../H-x86_64-pc-linux-gnu/nios2-elf/lib/mno-hw-mul/libc.a(libc_a-fclose.o)
 .bss           0x0001194c        0x0 /home/vacbo/intelFPGA_lite/23.1std/nios2eds/bin/gnu/H-x86_64-pc-linux-gnu/bin/../lib/gcc/nios2-elf/12.3.1/../../../../../H-x86_64-pc-linux-gnu/nios2-elf/lib/mno-hw-mul/libc.a(libc_a-fflush.o)
 .bss           0x0001194c        0x0 /home/vacbo/intelFPGA_lite/23.1std/nios2eds/bin/gnu/H-x86_64-pc-linux-gnu/bin/../lib/gcc/nios2-elf/12.3.1/../../../../../H-x86_64-pc-linux-gnu/nios2-elf/lib/mno-hw-mul/libc.a(libc_a-makebuf.o)
 .bss           0x0001194c        0x0 /home/vacbo/intelFPGA_lite/23.1std/nios2eds/bin/gnu/H-x86_64-pc-linux-gnu/bin/../lib/gcc/nios2-elf/12.3.1/../../../../../H-x86_64-pc-linux-gnu/nios2-elf/lib/mno-hw-mul/libc.a(libc_a-fstatr.o)
 .bss           0x0001194c        0x0 /home/vacbo/intelFPGA_lite/23.1std/nios2eds/bin/gnu/H-x86_64-pc-linux-gnu/bin/../lib/gcc/nios2-elf/12.3.1/../../../../../H-x86_64-pc-linux-gnu/nios2-elf/lib/mno-hw-mul/libc.a(libc_a-isattyr.o)
 .bss           0x0001194c        0x0 /home/vacbo/intelFPGA_lite/23.1std/nios2eds/bin/gnu/H-x86_64-pc-linux-gnu/bin/../lib/gcc/nios2-elf/12.3.1/../../../../../H-x86_64-pc-linux-gnu/nios2-elf/lib/mno-hw-mul/libc.a(libc_a-sbrkr.o)
 .bss           0x0001194c        0x0 /home/vacbo/intelFPGA_lite/23.1std/nios2eds/bin/gnu/H-x86_64-pc-linux-gnu/bin/../lib/gcc/nios2-elf/12.3.1/../../../../../H-x86_64-pc-linux-gnu/nios2-elf/lib/mno-hw-mul/libc.a(libc_a-__call_atexit.o)
 .bss           0x0001194c        0x0 /home/vacbo/intelFPGA_lite/23.1std/nios2eds/bin/gnu/H-x86_64-pc-linux-gnu/bin/../lib/gcc/nios2-elf/12.3.1/mno-hw-mul/libgcc.a(lib2-divmod.o)
 .bss           0x0001194c        0x0 /home/vacbo/intelFPGA_lite/23.1std/nios2eds/bin/gnu/H-x86_64-pc-linux-gnu/bin/../lib/gcc/nios2-elf/12.3.1/mno-hw-mul/libgcc.a(lib2-mul.o)
 .bss           0x0001194c        0x0 ../niosLab2_bsp//libhal_bsp.a(alt_close.o)
 .bss           0x0001194c        0x0 ../niosLab2_bsp//libhal_bsp.a(alt_dev.o)
 .bss           0x0001194c        0x0 ../niosLab2_bsp//libhal_bsp.a(alt_errno.o)
 .bss           0x0001194c        0x0 ../niosLab2_bsp//libhal_bsp.a(alt_exit.o)
 .bss           0x0001194c        0x0 ../niosLab2_bsp//libhal_bsp.a(alt_fstat.o)
 .bss           0x0001194c        0x0 ../niosLab2_bsp//libhal_bsp.a(alt_isatty.o)
 .bss           0x0001194c        0x0 ../niosLab2_bsp//libhal_bsp.a(alt_load.o)
 .bss           0x0001194c        0x0 ../niosLab2_bsp//libhal_bsp.a(alt_lseek.o)
 .bss           0x0001194c        0x0 ../niosLab2_bsp//libhal_bsp.a(alt_main.o)
 .bss           0x0001194c        0x0 ../niosLab2_bsp//libhal_bsp.a(alt_malloc_lock.o)
 .bss           0x0001194c        0x0 ../niosLab2_bsp//libhal_bsp.a(alt_read.o)
 .bss           0x0001194c        0x0 ../niosLab2_bsp//libhal_bsp.a(alt_release_fd.o)
 .bss           0x0001194c        0x0 ../niosLab2_bsp//libhal_bsp.a(alt_sbrk.o)
 .bss           0x0001194c        0x0 ../niosLab2_bsp//libhal_bsp.a(alt_usleep.o)
 .bss           0x0001194c        0x0 ../niosLab2_bsp//libhal_bsp.a(alt_write.o)
 .bss           0x0001194c        0x0 ../niosLab2_bsp//libhal_bsp.a(alt_sys_init.o)
 .bss           0x0001194c        0x0 ../niosLab2_bsp//libhal_bsp.a(altera_avalon_jtag_uart_fd.o)
 .bss           0x0001194c        0x0 ../niosLab2_bsp//libhal_bsp.a(altera_avalon_jtag_uart_init.o)
 .bss           0x0001194c        0x0 ../niosLab2_bsp//libhal_bsp.a(altera_avalon_jtag_uart_ioctl.o)
 .bss           0x0001194c        0x0 ../niosLab2_bsp//libhal_bsp.a(altera_avalon_jtag_uart_read.o)
 .bss           0x0001194c        0x0 ../niosLab2_bsp//libhal_bsp.a(altera_avalon_jtag_uart_write.o)
 .bss           0x0001194c        0x0 ../niosLab2_bsp//libhal_bsp.a(alt_alarm_start.o)
 .bss           0x0001194c        0x0 ../niosLab2_bsp//libhal_bsp.a(alt_busy_sleep.o)
 .bss           0x0001194c        0x0 ../niosLab2_bsp//libhal_bsp.a(alt_dcache_flush_all.o)
 .bss           0x0001194c        0x0 ../niosLab2_bsp//libhal_bsp.a(alt_dev_llist_insert.o)
 .bss           0x0001194c        0x0 ../niosLab2_bsp//libhal_bsp.a(alt_do_ctors.o)
 .bss           0x0001194c        0x0 ../niosLab2_bsp//libhal_bsp.a(alt_do_dtors.o)
 .bss           0x0001194c        0x0 ../niosLab2_bsp//libhal_bsp.a(alt_icache_flush_all.o)
 .bss           0x0001194c        0x0 ../niosLab2_bsp//libhal_bsp.a(alt_iic.o)
 .bss           0x0001194c        0x0 ../niosLab2_bsp//libhal_bsp.a(alt_iic_isr_register.o)
 .bss           0x0001194c        0x0 ../niosLab2_bsp//libhal_bsp.a(alt_io_redirect.o)
 .bss           0x0001194c        0x0 ../niosLab2_bsp//libhal_bsp.a(alt_irq_entry.o)
 .bss           0x0001194c      0x100 ../niosLab2_bsp//libhal_bsp.a(alt_irq_handler.o)
                0x0001194c                alt_irq
 .bss           0x00011a4c        0x0 ../niosLab2_bsp//libhal_bsp.a(alt_irq_vars.o)
 .bss           0x00011a4c        0x0 ../niosLab2_bsp//libhal_bsp.a(alt_open.o)
 .bss           0x00011a4c        0x0 ../niosLab2_bsp//libhal_bsp.a(alt_tick.o)
 .bss           0x00011a4c        0x0 ../niosLab2_bsp//libhal_bsp.a(altera_nios2_gen2_irq.o)
 .bss           0x00011a4c        0x0 ../niosLab2_bsp//libhal_bsp.a(alt_exception_entry.o)
 .bss           0x00011a4c        0x0 ../niosLab2_bsp//libhal_bsp.a(alt_find_dev.o)
 .bss           0x00011a4c        0x0 ../niosLab2_bsp//libhal_bsp.a(alt_find_file.o)
 .bss           0x00011a4c        0x0 ../niosLab2_bsp//libhal_bsp.a(alt_get_fd.o)
 .bss           0x00011a4c        0x0 ../niosLab2_bsp//libhal_bsp.a(alt_instruction_exception_entry.o)
 .bss           0x00011a4c        0x0 /home/vacbo/intelFPGA_lite/23.1std/nios2eds/bin/gnu/H-x86_64-pc-linux-gnu/bin/../lib/gcc/nios2-elf/12.3.1/../../../../../H-x86_64-pc-linux-gnu/nios2-elf/lib/mno-hw-mul/libc.a(libc_a-atexit.o)
 .bss           0x00011a4c        0x0 /home/vacbo/intelFPGA_lite/23.1std/nios2eds/bin/gnu/H-x86_64-pc-linux-gnu/bin/../lib/gcc/nios2-elf/12.3.1/../../../../../H-x86_64-pc-linux-gnu/nios2-elf/lib/mno-hw-mul/libc.a(libc_a-memcmp.o)
 .bss           0x00011a4c        0x0 /home/vacbo/intelFPGA_lite/23.1std/nios2eds/bin/gnu/H-x86_64-pc-linux-gnu/bin/../lib/gcc/nios2-elf/12.3.1/../../../../../H-x86_64-pc-linux-gnu/nios2-elf/lib/mno-hw-mul/libc.a(libc_a-__atexit.o)
 .bss.__atexit0
                0x00011a4c      0x190 /home/vacbo/intelFPGA_lite/23.1std/nios2eds/bin/gnu/H-x86_64-pc-linux-gnu/bin/../lib/gcc/nios2-elf/12.3.1/../../../../../H-x86_64-pc-linux-gnu/nios2-elf/lib/mno-hw-mul/libc.a(libc_a-__atexit.o)
                0x00011a4c                __atexit0
 *(COMMON)
                0x00011bdc                        . = ALIGN (0x4)
                0x00011bdc                        __bss_end = ABSOLUTE (.)

.onchip_memory2_0
                0x00007050        0x0
                [!provide]                        PROVIDE (_alt_partition_onchip_memory2_0_start = ABSOLUTE (.))
 *(.onchip_memory2_0 .onchip_memory2_0. onchip_memory2_0.*)
                0x00007050                        . = ALIGN (0x4)
                [!provide]                        PROVIDE (_alt_partition_onchip_memory2_0_end = ABSOLUTE (.))
                [!provide]                        PROVIDE (_alt_partition_onchip_memory2_0_load_addr = LOADADDR (.onchip_memory2_0))

.onchip_memory_0
                0x00011bdc        0x0 load address 0x00007050
                [!provide]                        PROVIDE (_alt_partition_onchip_memory_0_start = ABSOLUTE (.))
 *(.onchip_memory_0 .onchip_memory_0. onchip_memory_0.*)
                0x00011bdc                        . = ALIGN (0x4)
                [!provide]                        PROVIDE (_alt_partition_onchip_memory_0_end = ABSOLUTE (.))
                0x00011bdc                        _end = ABSOLUTE (.)
                0x00011bdc                        end = ABSOLUTE (.)
                0x00011bdc                        __alt_stack_base = ABSOLUTE (.)
                [!provide]                        PROVIDE (_alt_partition_onchip_memory_0_load_addr = LOADADDR (.onchip_memory_0))

.stab
 *(.stab)

.stabstr
 *(.stabstr)

.stab.excl
 *(.stab.excl)

.stab.exclstr
 *(.stab.exclstr)

.stab.index
 *(.stab.index)

.stab.indexstr
 *(.stab.indexstr)

.comment        0x00000000       0x2d
 *(.comment)
 .comment       0x00000000       0x2d obj/default/hello_world.o
                                 0x2e (size before relaxing)
 .comment       0x0000002d       0x2e /home/vacbo/intelFPGA_lite/23.1std/nios2eds/bin/gnu/H-x86_64-pc-linux-gnu/bin/../lib/gcc/nios2-elf/12.3.1/../../../../../H-x86_64-pc-linux-gnu/nios2-elf/lib/mno-hw-mul/libc.a(libc_a-puts.o)
 .comment       0x0000002d       0x2e /home/vacbo/intelFPGA_lite/23.1std/nios2eds/bin/gnu/H-x86_64-pc-linux-gnu/bin/../lib/gcc/nios2-elf/12.3.1/../../../../../H-x86_64-pc-linux-gnu/nios2-elf/lib/mno-hw-mul/libc.a(libc_a-strlen.o)
 .comment       0x0000002d       0x2e /home/vacbo/intelFPGA_lite/23.1std/nios2eds/bin/gnu/H-x86_64-pc-linux-gnu/bin/../lib/gcc/nios2-elf/12.3.1/../../../../../H-x86_64-pc-linux-gnu/nios2-elf/lib/mno-hw-mul/libc.a(libc_a-impure.o)
 .comment       0x0000002d       0x2e /home/vacbo/intelFPGA_lite/23.1std/nios2eds/bin/gnu/H-x86_64-pc-linux-gnu/bin/../lib/gcc/nios2-elf/12.3.1/../../../../../H-x86_64-pc-linux-gnu/nios2-elf/lib/mno-hw-mul/libc.a(libc_a-findfp.o)
 .comment       0x0000002d       0x2e /home/vacbo/intelFPGA_lite/23.1std/nios2eds/bin/gnu/H-x86_64-pc-linux-gnu/bin/../lib/gcc/nios2-elf/12.3.1/../../../../../H-x86_64-pc-linux-gnu/nios2-elf/lib/mno-hw-mul/libc.a(libc_a-fvwrite.o)
 .comment       0x0000002d       0x2e /home/vacbo/intelFPGA_lite/23.1std/nios2eds/bin/gnu/H-x86_64-pc-linux-gnu/bin/../lib/gcc/nios2-elf/12.3.1/../../../../../H-x86_64-pc-linux-gnu/nios2-elf/lib/mno-hw-mul/libc.a(libc_a-fwalk.o)
 .comment       0x0000002d       0x2e /home/vacbo/intelFPGA_lite/23.1std/nios2eds/bin/gnu/H-x86_64-pc-linux-gnu/bin/../lib/gcc/nios2-elf/12.3.1/../../../../../H-x86_64-pc-linux-gnu/nios2-elf/lib/mno-hw-mul/libc.a(libc_a-stdio.o)
 .comment       0x0000002d       0x2e /home/vacbo/intelFPGA_lite/23.1std/nios2eds/bin/gnu/H-x86_64-pc-linux-gnu/bin/../lib/gcc/nios2-elf/12.3.1/../../../../../H-x86_64-pc-linux-gnu/nios2-elf/lib/mno-hw-mul/libc.a(libc_a-wsetup.o)
 .comment       0x0000002d       0x2e /home/vacbo/intelFPGA_lite/23.1std/nios2eds/bin/gnu/H-x86_64-pc-linux-gnu/bin/../lib/gcc/nios2-elf/12.3.1/../../../../../H-x86_64-pc-linux-gnu/nios2-elf/lib/mno-hw-mul/libc.a(libc_a-memchr.o)
 .comment       0x0000002d       0x2e /home/vacbo/intelFPGA_lite/23.1std/nios2eds/bin/gnu/H-x86_64-pc-linux-gnu/bin/../lib/gcc/nios2-elf/12.3.1/../../../../../H-x86_64-pc-linux-gnu/nios2-elf/lib/mno-hw-mul/libc.a(libc_a-memcpy.o)
 .comment       0x0000002d       0x2e /home/vacbo/intelFPGA_lite/23.1std/nios2eds/bin/gnu/H-x86_64-pc-linux-gnu/bin/../lib/gcc/nios2-elf/12.3.1/../../../../../H-x86_64-pc-linux-gnu/nios2-elf/lib/mno-hw-mul/libc.a(libc_a-memmove.o)
 .comment       0x0000002d       0x2e /home/vacbo/intelFPGA_lite/23.1std/nios2eds/bin/gnu/H-x86_64-pc-linux-gnu/bin/../lib/gcc/nios2-elf/12.3.1/../../../../../H-x86_64-pc-linux-gnu/nios2-elf/lib/mno-hw-mul/libc.a(libc_a-memset.o)
 .comment       0x0000002d       0x2e /home/vacbo/intelFPGA_lite/23.1std/nios2eds/bin/gnu/H-x86_64-pc-linux-gnu/bin/../lib/gcc/nios2-elf/12.3.1/../../../../../H-x86_64-pc-linux-gnu/nios2-elf/lib/mno-hw-mul/libc.a(libc_a-closer.o)
 .comment       0x0000002d       0x2e /home/vacbo/intelFPGA_lite/23.1std/nios2eds/bin/gnu/H-x86_64-pc-linux-gnu/bin/../lib/gcc/nios2-elf/12.3.1/../../../../../H-x86_64-pc-linux-gnu/nios2-elf/lib/mno-hw-mul/libc.a(libc_a-reent.o)
 .comment       0x0000002d       0x2e /home/vacbo/intelFPGA_lite/23.1std/nios2eds/bin/gnu/H-x86_64-pc-linux-gnu/bin/../lib/gcc/nios2-elf/12.3.1/../../../../../H-x86_64-pc-linux-gnu/nios2-elf/lib/mno-hw-mul/libc.a(libc_a-lseekr.o)
 .comment       0x0000002d       0x2e /home/vacbo/intelFPGA_lite/23.1std/nios2eds/bin/gnu/H-x86_64-pc-linux-gnu/bin/../lib/gcc/nios2-elf/12.3.1/../../../../../H-x86_64-pc-linux-gnu/nios2-elf/lib/mno-hw-mul/libc.a(libc_a-readr.o)
 .comment       0x0000002d       0x2e /home/vacbo/intelFPGA_lite/23.1std/nios2eds/bin/gnu/H-x86_64-pc-linux-gnu/bin/../lib/gcc/nios2-elf/12.3.1/../../../../../H-x86_64-pc-linux-gnu/nios2-elf/lib/mno-hw-mul/libc.a(libc_a-writer.o)
 .comment       0x0000002d       0x2e /home/vacbo/intelFPGA_lite/23.1std/nios2eds/bin/gnu/H-x86_64-pc-linux-gnu/bin/../lib/gcc/nios2-elf/12.3.1/../../../../../H-x86_64-pc-linux-gnu/nios2-elf/lib/mno-hw-mul/libc.a(libc_a-exit.o)
 .comment       0x0000002d       0x2e /home/vacbo/intelFPGA_lite/23.1std/nios2eds/bin/gnu/H-x86_64-pc-linux-gnu/bin/../lib/gcc/nios2-elf/12.3.1/../../../../../H-x86_64-pc-linux-gnu/nios2-elf/lib/mno-hw-mul/libc.a(libc_a-freer.o)
 .comment       0x0000002d       0x2e /home/vacbo/intelFPGA_lite/23.1std/nios2eds/bin/gnu/H-x86_64-pc-linux-gnu/bin/../lib/gcc/nios2-elf/12.3.1/../../../../../H-x86_64-pc-linux-gnu/nios2-elf/lib/mno-hw-mul/libc.a(libc_a-mallocr.o)
 .comment       0x0000002d       0x2e /home/vacbo/intelFPGA_lite/23.1std/nios2eds/bin/gnu/H-x86_64-pc-linux-gnu/bin/../lib/gcc/nios2-elf/12.3.1/../../../../../H-x86_64-pc-linux-gnu/nios2-elf/lib/mno-hw-mul/libc.a(libc_a-reallocr.o)
 .comment       0x0000002d       0x2e /home/vacbo/intelFPGA_lite/23.1std/nios2eds/bin/gnu/H-x86_64-pc-linux-gnu/bin/../lib/gcc/nios2-elf/12.3.1/../../../../../H-x86_64-pc-linux-gnu/nios2-elf/lib/mno-hw-mul/libc.a(libc_a-fclose.o)
 .comment       0x0000002d       0x2e /home/vacbo/intelFPGA_lite/23.1std/nios2eds/bin/gnu/H-x86_64-pc-linux-gnu/bin/../lib/gcc/nios2-elf/12.3.1/../../../../../H-x86_64-pc-linux-gnu/nios2-elf/lib/mno-hw-mul/libc.a(libc_a-fflush.o)
 .comment       0x0000002d       0x2e /home/vacbo/intelFPGA_lite/23.1std/nios2eds/bin/gnu/H-x86_64-pc-linux-gnu/bin/../lib/gcc/nios2-elf/12.3.1/../../../../../H-x86_64-pc-linux-gnu/nios2-elf/lib/mno-hw-mul/libc.a(libc_a-makebuf.o)
 .comment       0x0000002d       0x2e /home/vacbo/intelFPGA_lite/23.1std/nios2eds/bin/gnu/H-x86_64-pc-linux-gnu/bin/../lib/gcc/nios2-elf/12.3.1/../../../../../H-x86_64-pc-linux-gnu/nios2-elf/lib/mno-hw-mul/libc.a(libc_a-fstatr.o)
 .comment       0x0000002d       0x2e /home/vacbo/intelFPGA_lite/23.1std/nios2eds/bin/gnu/H-x86_64-pc-linux-gnu/bin/../lib/gcc/nios2-elf/12.3.1/../../../../../H-x86_64-pc-linux-gnu/nios2-elf/lib/mno-hw-mul/libc.a(libc_a-isattyr.o)
 .comment       0x0000002d       0x2e /home/vacbo/intelFPGA_lite/23.1std/nios2eds/bin/gnu/H-x86_64-pc-linux-gnu/bin/../lib/gcc/nios2-elf/12.3.1/../../../../../H-x86_64-pc-linux-gnu/nios2-elf/lib/mno-hw-mul/libc.a(libc_a-sbrkr.o)
 .comment       0x0000002d       0x2e /home/vacbo/intelFPGA_lite/23.1std/nios2eds/bin/gnu/H-x86_64-pc-linux-gnu/bin/../lib/gcc/nios2-elf/12.3.1/../../../../../H-x86_64-pc-linux-gnu/nios2-elf/lib/mno-hw-mul/libc.a(libc_a-__call_atexit.o)
 .comment       0x0000002d       0x2e /home/vacbo/intelFPGA_lite/23.1std/nios2eds/bin/gnu/H-x86_64-pc-linux-gnu/bin/../lib/gcc/nios2-elf/12.3.1/mno-hw-mul/libgcc.a(lib2-divmod.o)
 .comment       0x0000002d       0x2e /home/vacbo/intelFPGA_lite/23.1std/nios2eds/bin/gnu/H-x86_64-pc-linux-gnu/bin/../lib/gcc/nios2-elf/12.3.1/mno-hw-mul/libgcc.a(lib2-mul.o)
 .comment       0x0000002d       0x2e ../niosLab2_bsp//libhal_bsp.a(alt_close.o)
 .comment       0x0000002d       0x2e ../niosLab2_bsp//libhal_bsp.a(alt_dev.o)
 .comment       0x0000002d       0x2e ../niosLab2_bsp//libhal_bsp.a(alt_errno.o)
 .comment       0x0000002d       0x2e ../niosLab2_bsp//libhal_bsp.a(alt_exit.o)
 .comment       0x0000002d       0x2e ../niosLab2_bsp//libhal_bsp.a(alt_fstat.o)
 .comment       0x0000002d       0x2e ../niosLab2_bsp//libhal_bsp.a(alt_isatty.o)
 .comment       0x0000002d       0x2e ../niosLab2_bsp//libhal_bsp.a(alt_load.o)
 .comment       0x0000002d       0x2e ../niosLab2_bsp//libhal_bsp.a(alt_lseek.o)
 .comment       0x0000002d       0x2e ../niosLab2_bsp//libhal_bsp.a(alt_main.o)
 .comment       0x0000002d       0x2e ../niosLab2_bsp//libhal_bsp.a(alt_malloc_lock.o)
 .comment       0x0000002d       0x2e ../niosLab2_bsp//libhal_bsp.a(alt_read.o)
 .comment       0x0000002d       0x2e ../niosLab2_bsp//libhal_bsp.a(alt_release_fd.o)
 .comment       0x0000002d       0x2e ../niosLab2_bsp//libhal_bsp.a(alt_sbrk.o)
 .comment       0x0000002d       0x2e ../niosLab2_bsp//libhal_bsp.a(alt_usleep.o)
 .comment       0x0000002d       0x2e ../niosLab2_bsp//libhal_bsp.a(alt_write.o)
 .comment       0x0000002d       0x2e ../niosLab2_bsp//libhal_bsp.a(alt_sys_init.o)
 .comment       0x0000002d       0x2e ../niosLab2_bsp//libhal_bsp.a(altera_avalon_jtag_uart_fd.o)
 .comment       0x0000002d       0x2e ../niosLab2_bsp//libhal_bsp.a(altera_avalon_jtag_uart_init.o)
 .comment       0x0000002d       0x2e ../niosLab2_bsp//libhal_bsp.a(altera_avalon_jtag_uart_ioctl.o)
 .comment       0x0000002d       0x2e ../niosLab2_bsp//libhal_bsp.a(altera_avalon_jtag_uart_read.o)
 .comment       0x0000002d       0x2e ../niosLab2_bsp//libhal_bsp.a(altera_avalon_jtag_uart_write.o)
 .comment       0x0000002d       0x2e ../niosLab2_bsp//libhal_bsp.a(alt_alarm_start.o)
 .comment       0x0000002d       0x2e ../niosLab2_bsp//libhal_bsp.a(alt_busy_sleep.o)
 .comment       0x0000002d       0x2e ../niosLab2_bsp//libhal_bsp.a(alt_dcache_flush_all.o)
 .comment       0x0000002d       0x2e ../niosLab2_bsp//libhal_bsp.a(alt_dev_llist_insert.o)
 .comment       0x0000002d       0x2e ../niosLab2_bsp//libhal_bsp.a(alt_do_ctors.o)
 .comment       0x0000002d       0x2e ../niosLab2_bsp//libhal_bsp.a(alt_do_dtors.o)
 .comment       0x0000002d       0x2e ../niosLab2_bsp//libhal_bsp.a(alt_icache_flush_all.o)
 .comment       0x0000002d       0x2e ../niosLab2_bsp//libhal_bsp.a(alt_iic.o)
 .comment       0x0000002d       0x2e ../niosLab2_bsp//libhal_bsp.a(alt_iic_isr_register.o)
 .comment       0x0000002d       0x2e ../niosLab2_bsp//libhal_bsp.a(alt_io_redirect.o)
 .comment       0x0000002d       0x2e ../niosLab2_bsp//libhal_bsp.a(alt_irq_handler.o)
 .comment       0x0000002d       0x2e ../niosLab2_bsp//libhal_bsp.a(alt_irq_vars.o)
 .comment       0x0000002d       0x2e ../niosLab2_bsp//libhal_bsp.a(alt_open.o)
 .comment       0x0000002d       0x2e ../niosLab2_bsp//libhal_bsp.a(alt_tick.o)
 .comment       0x0000002d       0x2e ../niosLab2_bsp//libhal_bsp.a(altera_nios2_gen2_irq.o)
 .comment       0x0000002d       0x2e ../niosLab2_bsp//libhal_bsp.a(alt_find_dev.o)
 .comment       0x0000002d       0x2e ../niosLab2_bsp//libhal_bsp.a(alt_find_file.o)
 .comment       0x0000002d       0x2e ../niosLab2_bsp//libhal_bsp.a(alt_get_fd.o)
 .comment       0x0000002d       0x2e ../niosLab2_bsp//libhal_bsp.a(alt_instruction_exception_entry.o)
 .comment       0x0000002d       0x2e /home/vacbo/intelFPGA_lite/23.1std/nios2eds/bin/gnu/H-x86_64-pc-linux-gnu/bin/../lib/gcc/nios2-elf/12.3.1/../../../../../H-x86_64-pc-linux-gnu/nios2-elf/lib/mno-hw-mul/libc.a(libc_a-atexit.o)
 .comment       0x0000002d       0x2e /home/vacbo/intelFPGA_lite/23.1std/nios2eds/bin/gnu/H-x86_64-pc-linux-gnu/bin/../lib/gcc/nios2-elf/12.3.1/../../../../../H-x86_64-pc-linux-gnu/nios2-elf/lib/mno-hw-mul/libc.a(libc_a-memcmp.o)
 .comment       0x0000002d       0x2e /home/vacbo/intelFPGA_lite/23.1std/nios2eds/bin/gnu/H-x86_64-pc-linux-gnu/bin/../lib/gcc/nios2-elf/12.3.1/../../../../../H-x86_64-pc-linux-gnu/nios2-elf/lib/mno-hw-mul/libc.a(libc_a-__atexit.o)

.debug
 *(.debug)

.line
 *(.line)

.debug_srcinfo
 *(.debug_srcinfo)

.debug_sfnames
 *(.debug_sfnames)

.debug_aranges  0x00000000      0xa58
 *(.debug_aranges)
 .debug_aranges
                0x00000000       0x28 ../niosLab2_bsp//obj/HAL/src/crt0.o
 .debug_aranges
                0x00000028       0x20 obj/default/hello_world.o
 .debug_aranges
                0x00000048       0x28 /home/vacbo/intelFPGA_lite/23.1std/nios2eds/bin/gnu/H-x86_64-pc-linux-gnu/bin/../lib/gcc/nios2-elf/12.3.1/../../../../../H-x86_64-pc-linux-gnu/nios2-elf/lib/mno-hw-mul/libc.a(libc_a-puts.o)
 .debug_aranges
                0x00000070       0x20 /home/vacbo/intelFPGA_lite/23.1std/nios2eds/bin/gnu/H-x86_64-pc-linux-gnu/bin/../lib/gcc/nios2-elf/12.3.1/../../../../../H-x86_64-pc-linux-gnu/nios2-elf/lib/mno-hw-mul/libc.a(libc_a-strlen.o)
 .debug_aranges
                0x00000090       0x18 /home/vacbo/intelFPGA_lite/23.1std/nios2eds/bin/gnu/H-x86_64-pc-linux-gnu/bin/../lib/gcc/nios2-elf/12.3.1/../../../../../H-x86_64-pc-linux-gnu/nios2-elf/lib/mno-hw-mul/libc.a(libc_a-impure.o)
 .debug_aranges
                0x000000a8       0x70 /home/vacbo/intelFPGA_lite/23.1std/nios2eds/bin/gnu/H-x86_64-pc-linux-gnu/bin/../lib/gcc/nios2-elf/12.3.1/../../../../../H-x86_64-pc-linux-gnu/nios2-elf/lib/mno-hw-mul/libc.a(libc_a-findfp.o)
 .debug_aranges
                0x00000118       0x20 /home/vacbo/intelFPGA_lite/23.1std/nios2eds/bin/gnu/H-x86_64-pc-linux-gnu/bin/../lib/gcc/nios2-elf/12.3.1/../../../../../H-x86_64-pc-linux-gnu/nios2-elf/lib/mno-hw-mul/libc.a(libc_a-fvwrite.o)
 .debug_aranges
                0x00000138       0x20 /home/vacbo/intelFPGA_lite/23.1std/nios2eds/bin/gnu/H-x86_64-pc-linux-gnu/bin/../lib/gcc/nios2-elf/12.3.1/../../../../../H-x86_64-pc-linux-gnu/nios2-elf/lib/mno-hw-mul/libc.a(libc_a-fwalk.o)
 .debug_aranges
                0x00000158       0x40 /home/vacbo/intelFPGA_lite/23.1std/nios2eds/bin/gnu/H-x86_64-pc-linux-gnu/bin/../lib/gcc/nios2-elf/12.3.1/../../../../../H-x86_64-pc-linux-gnu/nios2-elf/lib/mno-hw-mul/libc.a(libc_a-stdio.o)
 .debug_aranges
                0x00000198       0x20 /home/vacbo/intelFPGA_lite/23.1std/nios2eds/bin/gnu/H-x86_64-pc-linux-gnu/bin/../lib/gcc/nios2-elf/12.3.1/../../../../../H-x86_64-pc-linux-gnu/nios2-elf/lib/mno-hw-mul/libc.a(libc_a-wsetup.o)
 .debug_aranges
                0x000001b8       0x20 /home/vacbo/intelFPGA_lite/23.1std/nios2eds/bin/gnu/H-x86_64-pc-linux-gnu/bin/../lib/gcc/nios2-elf/12.3.1/../../../../../H-x86_64-pc-linux-gnu/nios2-elf/lib/mno-hw-mul/libc.a(libc_a-memchr.o)
 .debug_aranges
                0x000001d8       0x20 /home/vacbo/intelFPGA_lite/23.1std/nios2eds/bin/gnu/H-x86_64-pc-linux-gnu/bin/../lib/gcc/nios2-elf/12.3.1/../../../../../H-x86_64-pc-linux-gnu/nios2-elf/lib/mno-hw-mul/libc.a(libc_a-memcpy.o)
 .debug_aranges
                0x000001f8       0x20 /home/vacbo/intelFPGA_lite/23.1std/nios2eds/bin/gnu/H-x86_64-pc-linux-gnu/bin/../lib/gcc/nios2-elf/12.3.1/../../../../../H-x86_64-pc-linux-gnu/nios2-elf/lib/mno-hw-mul/libc.a(libc_a-memmove.o)
 .debug_aranges
                0x00000218       0x20 /home/vacbo/intelFPGA_lite/23.1std/nios2eds/bin/gnu/H-x86_64-pc-linux-gnu/bin/../lib/gcc/nios2-elf/12.3.1/../../../../../H-x86_64-pc-linux-gnu/nios2-elf/lib/mno-hw-mul/libc.a(libc_a-memset.o)
 .debug_aranges
                0x00000238       0x20 /home/vacbo/intelFPGA_lite/23.1std/nios2eds/bin/gnu/H-x86_64-pc-linux-gnu/bin/../lib/gcc/nios2-elf/12.3.1/../../../../../H-x86_64-pc-linux-gnu/nios2-elf/lib/mno-hw-mul/libc.a(libc_a-closer.o)
 .debug_aranges
                0x00000258       0x20 /home/vacbo/intelFPGA_lite/23.1std/nios2eds/bin/gnu/H-x86_64-pc-linux-gnu/bin/../lib/gcc/nios2-elf/12.3.1/../../../../../H-x86_64-pc-linux-gnu/nios2-elf/lib/mno-hw-mul/libc.a(libc_a-reent.o)
 .debug_aranges
                0x00000278       0x20 /home/vacbo/intelFPGA_lite/23.1std/nios2eds/bin/gnu/H-x86_64-pc-linux-gnu/bin/../lib/gcc/nios2-elf/12.3.1/../../../../../H-x86_64-pc-linux-gnu/nios2-elf/lib/mno-hw-mul/libc.a(libc_a-lseekr.o)
 .debug_aranges
                0x00000298       0x20 /home/vacbo/intelFPGA_lite/23.1std/nios2eds/bin/gnu/H-x86_64-pc-linux-gnu/bin/../lib/gcc/nios2-elf/12.3.1/../../../../../H-x86_64-pc-linux-gnu/nios2-elf/lib/mno-hw-mul/libc.a(libc_a-readr.o)
 .debug_aranges
                0x000002b8       0x20 /home/vacbo/intelFPGA_lite/23.1std/nios2eds/bin/gnu/H-x86_64-pc-linux-gnu/bin/../lib/gcc/nios2-elf/12.3.1/../../../../../H-x86_64-pc-linux-gnu/nios2-elf/lib/mno-hw-mul/libc.a(libc_a-writer.o)
 .debug_aranges
                0x000002d8       0x20 /home/vacbo/intelFPGA_lite/23.1std/nios2eds/bin/gnu/H-x86_64-pc-linux-gnu/bin/../lib/gcc/nios2-elf/12.3.1/../../../../../H-x86_64-pc-linux-gnu/nios2-elf/lib/mno-hw-mul/libc.a(libc_a-exit.o)
 .debug_aranges
                0x000002f8       0x28 /home/vacbo/intelFPGA_lite/23.1std/nios2eds/bin/gnu/H-x86_64-pc-linux-gnu/bin/../lib/gcc/nios2-elf/12.3.1/../../../../../H-x86_64-pc-linux-gnu/nios2-elf/lib/mno-hw-mul/libc.a(libc_a-freer.o)
 .debug_aranges
                0x00000320       0x20 /home/vacbo/intelFPGA_lite/23.1std/nios2eds/bin/gnu/H-x86_64-pc-linux-gnu/bin/../lib/gcc/nios2-elf/12.3.1/../../../../../H-x86_64-pc-linux-gnu/nios2-elf/lib/mno-hw-mul/libc.a(libc_a-mallocr.o)
 .debug_aranges
                0x00000340       0x20 /home/vacbo/intelFPGA_lite/23.1std/nios2eds/bin/gnu/H-x86_64-pc-linux-gnu/bin/../lib/gcc/nios2-elf/12.3.1/../../../../../H-x86_64-pc-linux-gnu/nios2-elf/lib/mno-hw-mul/libc.a(libc_a-reallocr.o)
 .debug_aranges
                0x00000360       0x28 /home/vacbo/intelFPGA_lite/23.1std/nios2eds/bin/gnu/H-x86_64-pc-linux-gnu/bin/../lib/gcc/nios2-elf/12.3.1/../../../../../H-x86_64-pc-linux-gnu/nios2-elf/lib/mno-hw-mul/libc.a(libc_a-fclose.o)
 .debug_aranges
                0x00000388       0x30 /home/vacbo/intelFPGA_lite/23.1std/nios2eds/bin/gnu/H-x86_64-pc-linux-gnu/bin/../lib/gcc/nios2-elf/12.3.1/../../../../../H-x86_64-pc-linux-gnu/nios2-elf/lib/mno-hw-mul/libc.a(libc_a-fflush.o)
 .debug_aranges
                0x000003b8       0x28 /home/vacbo/intelFPGA_lite/23.1std/nios2eds/bin/gnu/H-x86_64-pc-linux-gnu/bin/../lib/gcc/nios2-elf/12.3.1/../../../../../H-x86_64-pc-linux-gnu/nios2-elf/lib/mno-hw-mul/libc.a(libc_a-makebuf.o)
 .debug_aranges
                0x000003e0       0x20 /home/vacbo/intelFPGA_lite/23.1std/nios2eds/bin/gnu/H-x86_64-pc-linux-gnu/bin/../lib/gcc/nios2-elf/12.3.1/../../../../../H-x86_64-pc-linux-gnu/nios2-elf/lib/mno-hw-mul/libc.a(libc_a-fstatr.o)
 .debug_aranges
                0x00000400       0x20 /home/vacbo/intelFPGA_lite/23.1std/nios2eds/bin/gnu/H-x86_64-pc-linux-gnu/bin/../lib/gcc/nios2-elf/12.3.1/../../../../../H-x86_64-pc-linux-gnu/nios2-elf/lib/mno-hw-mul/libc.a(libc_a-isattyr.o)
 .debug_aranges
                0x00000420       0x20 /home/vacbo/intelFPGA_lite/23.1std/nios2eds/bin/gnu/H-x86_64-pc-linux-gnu/bin/../lib/gcc/nios2-elf/12.3.1/../../../../../H-x86_64-pc-linux-gnu/nios2-elf/lib/mno-hw-mul/libc.a(libc_a-sbrkr.o)
 .debug_aranges
                0x00000440       0x20 /home/vacbo/intelFPGA_lite/23.1std/nios2eds/bin/gnu/H-x86_64-pc-linux-gnu/bin/../lib/gcc/nios2-elf/12.3.1/../../../../../H-x86_64-pc-linux-gnu/nios2-elf/lib/mno-hw-mul/libc.a(libc_a-__call_atexit.o)
 .debug_aranges
                0x00000460       0x20 /home/vacbo/intelFPGA_lite/23.1std/nios2eds/bin/gnu/H-x86_64-pc-linux-gnu/bin/../lib/gcc/nios2-elf/12.3.1/mno-hw-mul/libgcc.a(lib2-divmod.o)
 .debug_aranges
                0x00000480       0x20 /home/vacbo/intelFPGA_lite/23.1std/nios2eds/bin/gnu/H-x86_64-pc-linux-gnu/bin/../lib/gcc/nios2-elf/12.3.1/mno-hw-mul/libgcc.a(lib2-mul.o)
 .debug_aranges
                0x000004a0       0x20 ../niosLab2_bsp//libhal_bsp.a(alt_close.o)
 .debug_aranges
                0x000004c0       0x20 ../niosLab2_bsp//libhal_bsp.a(alt_dev.o)
 .debug_aranges
                0x000004e0       0x18 ../niosLab2_bsp//libhal_bsp.a(alt_errno.o)
 .debug_aranges
                0x000004f8       0x20 ../niosLab2_bsp//libhal_bsp.a(alt_exit.o)
 .debug_aranges
                0x00000518       0x20 ../niosLab2_bsp//libhal_bsp.a(alt_fstat.o)
 .debug_aranges
                0x00000538       0x20 ../niosLab2_bsp//libhal_bsp.a(alt_isatty.o)
 .debug_aranges
                0x00000558       0x20 ../niosLab2_bsp//libhal_bsp.a(alt_load.o)
 .debug_aranges
                0x00000578       0x20 ../niosLab2_bsp//libhal_bsp.a(alt_lseek.o)
 .debug_aranges
                0x00000598       0x20 ../niosLab2_bsp//libhal_bsp.a(alt_main.o)
 .debug_aranges
                0x000005b8       0x20 ../niosLab2_bsp//libhal_bsp.a(alt_malloc_lock.o)
 .debug_aranges
                0x000005d8       0x20 ../niosLab2_bsp//libhal_bsp.a(alt_read.o)
 .debug_aranges
                0x000005f8       0x20 ../niosLab2_bsp//libhal_bsp.a(alt_release_fd.o)
 .debug_aranges
                0x00000618       0x20 ../niosLab2_bsp//libhal_bsp.a(alt_sbrk.o)
 .debug_aranges
                0x00000638       0x20 ../niosLab2_bsp//libhal_bsp.a(alt_usleep.o)
 .debug_aranges
                0x00000658       0x20 ../niosLab2_bsp//libhal_bsp.a(alt_write.o)
 .debug_aranges
                0x00000678       0x20 ../niosLab2_bsp//libhal_bsp.a(alt_sys_init.o)
 .debug_aranges
                0x00000698       0x20 ../niosLab2_bsp//libhal_bsp.a(altera_avalon_jtag_uart_fd.o)
 .debug_aranges
                0x000006b8       0x20 ../niosLab2_bsp//libhal_bsp.a(altera_avalon_jtag_uart_init.o)
 .debug_aranges
                0x000006d8       0x20 ../niosLab2_bsp//libhal_bsp.a(altera_avalon_jtag_uart_ioctl.o)
 .debug_aranges
                0x000006f8       0x20 ../niosLab2_bsp//libhal_bsp.a(altera_avalon_jtag_uart_read.o)
 .debug_aranges
                0x00000718       0x20 ../niosLab2_bsp//libhal_bsp.a(altera_avalon_jtag_uart_write.o)
 .debug_aranges
                0x00000738       0x20 ../niosLab2_bsp//libhal_bsp.a(alt_alarm_start.o)
 .debug_aranges
                0x00000758       0x20 ../niosLab2_bsp//libhal_bsp.a(alt_busy_sleep.o)
 .debug_aranges
                0x00000778       0x20 ../niosLab2_bsp//libhal_bsp.a(alt_dcache_flush_all.o)
 .debug_aranges
                0x00000798       0x20 ../niosLab2_bsp//libhal_bsp.a(alt_dev_llist_insert.o)
 .debug_aranges
                0x000007b8       0x20 ../niosLab2_bsp//libhal_bsp.a(alt_do_ctors.o)
 .debug_aranges
                0x000007d8       0x20 ../niosLab2_bsp//libhal_bsp.a(alt_do_dtors.o)
 .debug_aranges
                0x000007f8       0x20 ../niosLab2_bsp//libhal_bsp.a(alt_icache_flush_all.o)
 .debug_aranges
                0x00000818       0x20 ../niosLab2_bsp//libhal_bsp.a(alt_iic.o)
 .debug_aranges
                0x00000838       0x20 ../niosLab2_bsp//libhal_bsp.a(alt_iic_isr_register.o)
 .debug_aranges
                0x00000858       0x20 ../niosLab2_bsp//libhal_bsp.a(alt_io_redirect.o)
 .debug_aranges
                0x00000878       0x30 ../niosLab2_bsp//libhal_bsp.a(alt_irq_entry.o)
 .debug_aranges
                0x000008a8       0x20 ../niosLab2_bsp//libhal_bsp.a(alt_irq_handler.o)
 .debug_aranges
                0x000008c8       0x18 ../niosLab2_bsp//libhal_bsp.a(alt_irq_vars.o)
 .debug_aranges
                0x000008e0       0x20 ../niosLab2_bsp//libhal_bsp.a(alt_open.o)
 .debug_aranges
                0x00000900       0x20 ../niosLab2_bsp//libhal_bsp.a(alt_tick.o)
 .debug_aranges
                0x00000920       0x20 ../niosLab2_bsp//libhal_bsp.a(altera_nios2_gen2_irq.o)
 .debug_aranges
                0x00000940       0x30 ../niosLab2_bsp//libhal_bsp.a(alt_exception_entry.o)
 .debug_aranges
                0x00000970       0x20 ../niosLab2_bsp//libhal_bsp.a(alt_find_dev.o)
 .debug_aranges
                0x00000990       0x20 ../niosLab2_bsp//libhal_bsp.a(alt_find_file.o)
 .debug_aranges
                0x000009b0       0x20 ../niosLab2_bsp//libhal_bsp.a(alt_get_fd.o)
 .debug_aranges
                0x000009d0       0x28 ../niosLab2_bsp//libhal_bsp.a(alt_instruction_exception_entry.o)
 .debug_aranges
                0x000009f8       0x20 /home/vacbo/intelFPGA_lite/23.1std/nios2eds/bin/gnu/H-x86_64-pc-linux-gnu/bin/../lib/gcc/nios2-elf/12.3.1/../../../../../H-x86_64-pc-linux-gnu/nios2-elf/lib/mno-hw-mul/libc.a(libc_a-atexit.o)
 .debug_aranges
                0x00000a18       0x20 /home/vacbo/intelFPGA_lite/23.1std/nios2eds/bin/gnu/H-x86_64-pc-linux-gnu/bin/../lib/gcc/nios2-elf/12.3.1/../../../../../H-x86_64-pc-linux-gnu/nios2-elf/lib/mno-hw-mul/libc.a(libc_a-memcmp.o)
 .debug_aranges
                0x00000a38       0x20 /home/vacbo/intelFPGA_lite/23.1std/nios2eds/bin/gnu/H-x86_64-pc-linux-gnu/bin/../lib/gcc/nios2-elf/12.3.1/../../../../../H-x86_64-pc-linux-gnu/nios2-elf/lib/mno-hw-mul/libc.a(libc_a-__atexit.o)

.debug_pubnames
 *(.debug_pubnames)

.debug_info     0x00000000    0x14937
 *(.debug_info .gnu.linkonce.wi.*)
 .debug_info    0x00000000       0x3f ../niosLab2_bsp//obj/HAL/src/crt0.o
 .debug_info    0x0000003f       0xd7 obj/default/hello_world.o
 .debug_info    0x00000116      0x8f2 /home/vacbo/intelFPGA_lite/23.1std/nios2eds/bin/gnu/H-x86_64-pc-linux-gnu/bin/../lib/gcc/nios2-elf/12.3.1/../../../../../H-x86_64-pc-linux-gnu/nios2-elf/lib/mno-hw-mul/libc.a(libc_a-puts.o)
 .debug_info    0x00000a08       0xeb /home/vacbo/intelFPGA_lite/23.1std/nios2eds/bin/gnu/H-x86_64-pc-linux-gnu/bin/../lib/gcc/nios2-elf/12.3.1/../../../../../H-x86_64-pc-linux-gnu/nios2-elf/lib/mno-hw-mul/libc.a(libc_a-strlen.o)
 .debug_info    0x00000af3      0x729 /home/vacbo/intelFPGA_lite/23.1std/nios2eds/bin/gnu/H-x86_64-pc-linux-gnu/bin/../lib/gcc/nios2-elf/12.3.1/../../../../../H-x86_64-pc-linux-gnu/nios2-elf/lib/mno-hw-mul/libc.a(libc_a-impure.o)
 .debug_info    0x0000121c      0xe98 /home/vacbo/intelFPGA_lite/23.1std/nios2eds/bin/gnu/H-x86_64-pc-linux-gnu/bin/../lib/gcc/nios2-elf/12.3.1/../../../../../H-x86_64-pc-linux-gnu/nios2-elf/lib/mno-hw-mul/libc.a(libc_a-findfp.o)
 .debug_info    0x000020b4      0xb1e /home/vacbo/intelFPGA_lite/23.1std/nios2eds/bin/gnu/H-x86_64-pc-linux-gnu/bin/../lib/gcc/nios2-elf/12.3.1/../../../../../H-x86_64-pc-linux-gnu/nios2-elf/lib/mno-hw-mul/libc.a(libc_a-fvwrite.o)